Archive member included to satisfy reference by file (symbol)

C:\Users\jfont\Desktop\projects\stm32f407-disc1\projects\DSP-FCEFYN\Drivers\CMSIS\Lib\GCC\libarm_cortexM4lf_math.a(arm_mean_q15.o)
                              ./Core/Src/main.o (arm_mean_q15)
C:\Users\jfont\Desktop\projects\stm32f407-disc1\projects\DSP-FCEFYN\Drivers\CMSIS\Lib\GCC\libarm_cortexM4lf_math.a(arm_max_q15.o)
                              ./Core/Src/main.o (arm_max_q15)
C:\Users\jfont\Desktop\projects\stm32f407-disc1\projects\DSP-FCEFYN\Drivers\CMSIS\Lib\GCC\libarm_cortexM4lf_math.a(arm_rfft_q15.o)
                              ./Core/Src/main.o (arm_rfft_q15)
C:\Users\jfont\Desktop\projects\stm32f407-disc1\projects\DSP-FCEFYN\Drivers\CMSIS\Lib\GCC\libarm_cortexM4lf_math.a(arm_rfft_init_q15.o)
                              ./Core/Src/main.o (arm_rfft_init_q15)
C:\Users\jfont\Desktop\projects\stm32f407-disc1\projects\DSP-FCEFYN\Drivers\CMSIS\Lib\GCC\libarm_cortexM4lf_math.a(arm_fir_q15.o)
                              ./Core/Src/main.o (arm_fir_q15)
C:\Users\jfont\Desktop\projects\stm32f407-disc1\projects\DSP-FCEFYN\Drivers\CMSIS\Lib\GCC\libarm_cortexM4lf_math.a(arm_fir_init_q15.o)
                              ./Core/Src/filters.o (arm_fir_init_q15)
C:\Users\jfont\Desktop\projects\stm32f407-disc1\projects\DSP-FCEFYN\Drivers\CMSIS\Lib\GCC\libarm_cortexM4lf_math.a(arm_abs_q15.o)
                              ./Core/Src/main.o (arm_abs_q15)
C:\Users\jfont\Desktop\projects\stm32f407-disc1\projects\DSP-FCEFYN\Drivers\CMSIS\Lib\GCC\libarm_cortexM4lf_math.a(arm_const_structs.o)
                              C:\Users\jfont\Desktop\projects\stm32f407-disc1\projects\DSP-FCEFYN\Drivers\CMSIS\Lib\GCC\libarm_cortexM4lf_math.a(arm_rfft_init_q15.o) (arm_cfft_sR_q15_len4096)
C:\Users\jfont\Desktop\projects\stm32f407-disc1\projects\DSP-FCEFYN\Drivers\CMSIS\Lib\GCC\libarm_cortexM4lf_math.a(arm_common_tables.o)
                              C:\Users\jfont\Desktop\projects\stm32f407-disc1\projects\DSP-FCEFYN\Drivers\CMSIS\Lib\GCC\libarm_cortexM4lf_math.a(arm_rfft_init_q15.o) (realCoefBQ15)
C:\Users\jfont\Desktop\projects\stm32f407-disc1\projects\DSP-FCEFYN\Drivers\CMSIS\Lib\GCC\libarm_cortexM4lf_math.a(arm_cfft_q15.o)
                              C:\Users\jfont\Desktop\projects\stm32f407-disc1\projects\DSP-FCEFYN\Drivers\CMSIS\Lib\GCC\libarm_cortexM4lf_math.a(arm_rfft_q15.o) (arm_cfft_q15)
C:\Users\jfont\Desktop\projects\stm32f407-disc1\projects\DSP-FCEFYN\Drivers\CMSIS\Lib\GCC\libarm_cortexM4lf_math.a(arm_cfft_radix4_q15.o)
                              C:\Users\jfont\Desktop\projects\stm32f407-disc1\projects\DSP-FCEFYN\Drivers\CMSIS\Lib\GCC\libarm_cortexM4lf_math.a(arm_cfft_q15.o) (arm_radix4_butterfly_q15)
C:\Users\jfont\Desktop\projects\stm32f407-disc1\projects\DSP-FCEFYN\Drivers\CMSIS\Lib\GCC\libarm_cortexM4lf_math.a(arm_bitreversal2.o)
                              C:\Users\jfont\Desktop\projects\stm32f407-disc1\projects\DSP-FCEFYN\Drivers\CMSIS\Lib\GCC\libarm_cortexM4lf_math.a(arm_cfft_q15.o) (arm_bitreversal_16)
C:\Users\jfont\Desktop\projects\stm32f407-disc1\projects\DSP-FCEFYN\Drivers\CMSIS\Lib\GCC\libarm_cortexM4lf_math.a(arm_bitreversal.o)
                              C:\Users\jfont\Desktop\projects\stm32f407-disc1\projects\DSP-FCEFYN\Drivers\CMSIS\Lib\GCC\libarm_cortexM4lf_math.a(arm_cfft_radix4_q15.o) (arm_bitreversal_q15)
C:/ST/STM32CubeIDE_1.17.0/STM32CubeIDE/plugins/com.st.stm32cube.ide.mcu.externaltools.gnu-tools-for-stm32.12.3.rel1.win32_1.1.0.202410251130/tools/bin/../lib/gcc/arm-none-eabi/12.3.1/../../../../arm-none-eabi/lib/thumb/v7e-m+fp/hard\libc_nano.a(libc_a-atoi.o)
                              ./Core/Src/main.o (atoi)
C:/ST/STM32CubeIDE_1.17.0/STM32CubeIDE/plugins/com.st.stm32cube.ide.mcu.externaltools.gnu-tools-for-stm32.12.3.rel1.win32_1.1.0.202410251130/tools/bin/../lib/gcc/arm-none-eabi/12.3.1/../../../../arm-none-eabi/lib/thumb/v7e-m+fp/hard\libc_nano.a(libc_a-exit.o)
                              C:/ST/STM32CubeIDE_1.17.0/STM32CubeIDE/plugins/com.st.stm32cube.ide.mcu.externaltools.gnu-tools-for-stm32.12.3.rel1.win32_1.1.0.202410251130/tools/bin/../lib/gcc/arm-none-eabi/12.3.1/../../../../arm-none-eabi/lib/thumb/v7e-m+fp/hard/crt0.o (exit)
C:/ST/STM32CubeIDE_1.17.0/STM32CubeIDE/plugins/com.st.stm32cube.ide.mcu.externaltools.gnu-tools-for-stm32.12.3.rel1.win32_1.1.0.202410251130/tools/bin/../lib/gcc/arm-none-eabi/12.3.1/../../../../arm-none-eabi/lib/thumb/v7e-m+fp/hard\libc_nano.a(libc_a-strtol.o)
                              C:/ST/STM32CubeIDE_1.17.0/STM32CubeIDE/plugins/com.st.stm32cube.ide.mcu.externaltools.gnu-tools-for-stm32.12.3.rel1.win32_1.1.0.202410251130/tools/bin/../lib/gcc/arm-none-eabi/12.3.1/../../../../arm-none-eabi/lib/thumb/v7e-m+fp/hard\libc_nano.a(libc_a-atoi.o) (_strtol_r)
[...]
Memory Configuration

Name             Origin             Length             Attributes
CCMRAM           0x10000000         0x00010000         xrw
RAM              0x20000000         0x00020000         xrw
FLASH            0x08000000         0x00100000         xr
*default*        0x00000000         0xffffffff

Linker script and memory map

LOAD C:/ST/STM32CubeIDE_1.17.0/STM32CubeIDE/plugins/com.st.stm32cube.ide.mcu.externaltools.gnu-tools-for-stm32.12.3.rel1.win32_1.1.0.202410251130/tools/bin/../lib/gcc/arm-none-eabi/12.3.1/thumb/v7e-m+fp/hard/crti.o
LOAD C:/ST/STM32CubeIDE_1.17.0/STM32CubeIDE/plugins/com.st.stm32cube.ide.mcu.externaltools.gnu-tools-for-stm32.12.3.rel1.win32_1.1.0.202410251130/tools/bin/../lib/gcc/arm-none-eabi/12.3.1/thumb/v7e-m+fp/hard/crtbegin.o
LOAD C:/ST/STM32CubeIDE_1.17.0/STM32CubeIDE/plugins/com.st.stm32cube.ide.mcu.externaltools.gnu-tools-for-stm32.12.3.rel1.win32_1.1.0.202410251130/tools/bin/../lib/gcc/arm-none-eabi/12.3.1/../../../../arm-none-eabi/lib/thumb/v7e-m+fp/hard/crt0.o
LOAD ./Core/Src/adc.o
LOAD ./Core/Src/buffer_and_usb.o
LOAD ./Core/Src/ecg.o
LOAD ./Core/Src/filters.o
LOAD ./Core/Src/gpio.o
LOAD ./Core/Src/main.o
LOAD ./Core/Src/stm32f4xx_hal_msp.o
LOAD ./Core/Src/stm32f4xx_it.o
LOAD ./Core/Src/syscalls.o
LOAD ./Core/Src/sysmem.o
LOAD ./Core/Src/system_stm32f4xx.o
LOAD ./Core/Src/tim.o
LOAD ./Core/Startup/startup_stm32f407vgtx.o
LOAD ./Drivers/STM32F4xx_HAL_Driver/Src/stm32f4xx_hal.o
LOAD ./Drivers/STM32F4xx_HAL_Driver/Src/stm32f4xx_hal_adc.o
LOAD ./Drivers/STM32F4xx_HAL_Driver/Src/stm32f4xx_hal_adc_ex.o
LOAD ./Drivers/STM32F4xx_HAL_Driver/Src/stm32f4xx_hal_cortex.o
LOAD ./Drivers/STM32F4xx_HAL_Driver/Src/stm32f4xx_hal_dma.o
LOAD ./Drivers/STM32F4xx_HAL_Driver/Src/stm32f4xx_hal_dma_ex.o
LOAD ./Drivers/STM32F4xx_HAL_Driver/Src/stm32f4xx_hal_exti.o
LOAD ./Drivers/STM32F4xx_HAL_Driver/Src/stm32f4xx_hal_flash.o
LOAD ./Drivers/STM32F4xx_HAL_Driver/Src/stm32f4xx_hal_flash_ex.o
LOAD ./Drivers/STM32F4xx_HAL_Driver/Src/stm32f4xx_hal_flash_ramfunc.o
LOAD ./Drivers/STM32F4xx_HAL_Driver/Src/stm32f4xx_hal_gpio.o
LOAD ./Drivers/STM32F4xx_HAL_Driver/Src/stm32f4xx_hal_pcd.o
LOAD ./Drivers/STM32F4xx_HAL_Driver/Src/stm32f4xx_hal_pcd_ex.o
LOAD ./Drivers/STM32F4xx_HAL_Driver/Src/stm32f4xx_hal_pwr.o
LOAD ./Drivers/STM32F4xx_HAL_Driver/Src/stm32f4xx_hal_pwr_ex.o
LOAD ./Drivers/STM32F4xx_HAL_Driver/Src/stm32f4xx_hal_rcc.o
LOAD ./Drivers/STM32F4xx_HAL_Driver/Src/stm32f4xx_hal_rcc_ex.o
LOAD ./Drivers/STM32F4xx_HAL_Driver/Src/stm32f4xx_hal_tim.o
LOAD ./Drivers/STM32F4xx_HAL_Driver/Src/stm32f4xx_hal_tim_ex.o
LOAD ./Drivers/STM32F4xx_HAL_Driver/Src/stm32f4xx_ll_adc.o
LOAD ./Drivers/STM32F4xx_HAL_Driver/Src/stm32f4xx_ll_usb.o
LOAD ./Middlewares/ST/STM32_USB_Device_Library/Class/CDC/Src/usbd_cdc.o
LOAD ./Middlewares/ST/STM32_USB_Device_Library/Core/Src/usbd_core.o
LOAD ./Middlewares/ST/STM32_USB_Device_Library/Core/Src/usbd_ctlreq.o
LOAD ./Middlewares/ST/STM32_USB_Device_Library/Core/Src/usbd_ioreq.o
LOAD ./USB_DEVICE/App/usb_device.o
LOAD ./USB_DEVICE/App/usbd_cdc_if.o
LOAD ./USB_DEVICE/App/usbd_desc.o
LOAD ./USB_DEVICE/Target/usbd_conf.o
LOAD C:\Users\jfont\Desktop\projects\stm32f407-disc1\projects\DSP-FCEFYN\Drivers\CMSIS\Lib\GCC\libarm_cortexM4lf_math.a
START GROUP
LOAD C:/ST/STM32CubeIDE_1.17.0/STM32CubeIDE/plugins/com.st.stm32cube.ide.mcu.externaltools.gnu-tools-for-stm32.12.3.rel1.win32_1.1.0.202410251130/tools/bin/../lib/gcc/arm-none-eabi/12.3.1/../../../../arm-none-eabi/lib/thumb/v7e-m+fp/hard\libc_nano.a
LOAD C:/ST/STM32CubeIDE_1.17.0/STM32CubeIDE/plugins/com.st.stm32cube.ide.mcu.externaltools.gnu-tools-for-stm32.12.3.rel1.win32_1.1.0.202410251130/tools/bin/../lib/gcc/arm-none-eabi/12.3.1/../../../../arm-none-eabi/lib/thumb/v7e-m+fp/hard\libm.a
END GROUP
START GROUP
LOAD C:/ST/STM32CubeIDE_1.17.0/STM32CubeIDE/plugins/com.st.stm32cube.ide.mcu.externaltools.gnu-tools-for-stm32.12.3.rel1.win32_1.1.0.202410251130/tools/bin/../lib/gcc/arm-none-eabi/12.3.1/thumb/v7e-m+fp/hard\libgcc.a
LOAD C:/ST/STM32CubeIDE_1.17.0/STM32CubeIDE/plugins/com.st.stm32cube.ide.mcu.externaltools.gnu-tools-for-stm32.12.3.rel1.win32_1.1.0.202410251130/tools/bin/../lib/gcc/arm-none-eabi/12.3.1/../../../../arm-none-eabi/lib/thumb/v7e-m+fp/hard\libc_nano.a
END GROUP
START GROUP
LOAD C:/ST/STM32CubeIDE_1.17.0/STM32CubeIDE/plugins/com.st.stm32cube.ide.mcu.externaltools.gnu-tools-for-stm32.12.3.rel1.win32_1.1.0.202410251130/tools/bin/../lib/gcc/arm-none-eabi/12.3.1/thumb/v7e-m+fp/hard\libgcc.a
LOAD C:/ST/STM32CubeIDE_1.17.0/STM32CubeIDE/plugins/com.st.stm32cube.ide.mcu.externaltools.gnu-tools-for-stm32.12.3.rel1.win32_1.1.0.202410251130/tools/bin/../lib/gcc/arm-none-eabi/12.3.1/../../../../arm-none-eabi/lib/thumb/v7e-m+fp/hard\libc_nano.a
LOAD C:/ST/STM32CubeIDE_1.17.0/STM32CubeIDE/plugins/com.st.stm32cube.ide.mcu.externaltools.gnu-tools-for-stm32.12.3.rel1.win32_1.1.0.202410251130/tools/bin/../lib/gcc/arm-none-eabi/12.3.1/../../../../arm-none-eabi/lib/thumb/v7e-m+fp/hard\libnosys.a
END GROUP
START GROUP
LOAD C:/ST/STM32CubeIDE_1.17.0/STM32CubeIDE/plugins/com.st.stm32cube.ide.mcu.externaltools.gnu-tools-for-stm32.12.3.rel1.win32_1.1.0.202410251130/tools/bin/../lib/gcc/arm-none-eabi/12.3.1/thumb/v7e-m+fp/hard\libgcc.a
LOAD C:/ST/STM32CubeIDE_1.17.0/STM32CubeIDE/plugins/com.st.stm32cube.ide.mcu.externaltools.gnu-tools-for-stm32.12.3.rel1.win32_1.1.0.202410251130/tools/bin/../lib/gcc/arm-none-eabi/12.3.1/../../../../arm-none-eabi/lib/thumb/v7e-m+fp/hard\libc_nano.a
LOAD C:/ST/STM32CubeIDE_1.17.0/STM32CubeIDE/plugins/com.st.stm32cube.ide.mcu.externaltools.gnu-tools-for-stm32.12.3.rel1.win32_1.1.0.202410251130/tools/bin/../lib/gcc/arm-none-eabi/12.3.1/../../../../arm-none-eabi/lib/thumb/v7e-m+fp/hard\libnosys.a
END GROUP
LOAD C:/ST/STM32CubeIDE_1.17.0/STM32CubeIDE/plugins/com.st.stm32cube.ide.mcu.externaltools.gnu-tools-for-stm32.12.3.rel1.win32_1.1.0.202410251130/tools/bin/../lib/gcc/arm-none-eabi/12.3.1/thumb/v7e-m+fp/hard/crtend.o
LOAD C:/ST/STM32CubeIDE_1.17.0/STM32CubeIDE/plugins/com.st.stm32cube.ide.mcu.externaltools.gnu-tools-for-stm32.12.3.rel1.win32_1.1.0.202410251130/tools/bin/../lib/gcc/arm-none-eabi/12.3.1/thumb/v7e-m+fp/hard/crtn.o
                0x20020000                        _estack = (ORIGIN (RAM) + LENGTH (RAM))
                0x00000200                        _Min_Heap_Size = 0x200
                0x00000400                        _Min_Stack_Size = 0x400

.isr_vector     0x08000000      0x188
                0x08000000                        . = ALIGN (0x4)
 *(.isr_vector)
 .isr_vector    0x08000000      0x188 ./Core/Startup/startup_stm32f407vgtx.o
                0x08000000                g_pfnVectors
                0x08000188                        . = ALIGN (0x4)

.text           0x08000188     0xa94c
                0x08000188                        . = ALIGN (0x4)
 *(.text)
 .text          0x08000188       0x40 C:/ST/STM32CubeIDE_1.17.0/STM32CubeIDE/plugins/com.st.stm32cube.ide.mcu.externaltools.gnu-tools-for-stm32.12.3.rel1.win32_1.1.0.202410251130/tools/bin/../lib/gcc/arm-none-eabi/12.3.1/thumb/v7e-m+fp/hard/crtbegin.o
 .text          0x080001c8       0x30 C:/ST/STM32CubeIDE_1.17.0/STM32CubeIDE/plugins/com.st.stm32cube.ide.mcu.externaltools.gnu-tools-for-stm32.12.3.rel1.win32_1.1.0.202410251130/tools/bin/../lib/gcc/arm-none-eabi/12.3.1/thumb/v7e-m+fp/hard\libgcc.a(_aeabi_uldivmod.o)
                0x080001c8                __aeabi_uldivmod
 .text          0x080001f8      0x2bc C:/ST/STM32CubeIDE_1.17.0/STM32CubeIDE/plugins/com.st.stm32cube.ide.mcu.externaltools.gnu-tools-for-stm32.12.3.rel1.win32_1.1.0.202410251130/tools/bin/../lib/gcc/arm-none-eabi/12.3.1/thumb/v7e-m+fp/hard\libgcc.a(_udivmoddi4.o)
                0x080001f8                __udivmoddi4
 .text          0x080004b4        0x4 C:/ST/STM32CubeIDE_1.17.0/STM32CubeIDE/plugins/com.st.stm32cube.ide.mcu.externaltools.gnu-tools-for-stm32.12.3.rel1.win32_1.1.0.202410251130/tools/bin/../lib/gcc/arm-none-eabi/12.3.1/thumb/v7e-m+fp/hard\libgcc.a(_dvmd_tls.o)
                0x080004b4                __aeabi_idiv0
                0x080004b4                __aeabi_ldiv0
 *(.text*)
 .text.MX_ADC1_Init
                0x080004b8       0xa4 ./Core/Src/adc.o
                0x080004b8                MX_ADC1_Init
 .text.HAL_ADC_MspInit
                0x0800055c       0x98 ./Core/Src/adc.o
                0x0800055c                HAL_ADC_MspInit
 .text.isBufferEmpty
                0x080005f4       0x32 ./Core/Src/buffer_and_usb.o
 .text.bufferWrite
                0x08000626       0x6e ./Core/Src/buffer_and_usb.o
                0x08000626                bufferWrite
 .text.bufferRead
                0x08000694       0x62 ./Core/Src/buffer_and_usb.o
                0x08000694                bufferRead
 .text.availableBytes
                0x080006f6       0x6c ./Core/Src/buffer_and_usb.o
                0x080006f6                availableBytes
 .text.sendBuffer2usb
                0x08000762       0xae ./Core/Src/buffer_and_usb.o
                0x08000762                sendBuffer2usb
 .text.initECG  0x08000810       0x70 ./Core/Src/ecg.o
                0x08000810                initECG
 .text.initFiltros
                0x08000880      0x33c ./Core/Src/filters.o
                0x08000880                initFiltros
 .text.MX_GPIO_Init
                0x08000bbc      0x2ac ./Core/Src/gpio.o
                0x08000bbc                MX_GPIO_Init
 .text.main     0x08000e68      0x1c8 ./Core/Src/main.o
                0x08000e68                main
 .text.SystemClock_Config
                0x08001030       0xd4 ./Core/Src/main.o
                0x08001030                SystemClock_Config
 .text.HAL_ADC_ConvCpltCallback
                0x08001104      0x118 ./Core/Src/main.o
                0x08001104                HAL_ADC_ConvCpltCallback
 .text.checkUSBRecive
                0x0800121c      0x410 ./Core/Src/main.o
                0x0800121c                checkUSBRecive
 .text.HAL_GPIO_EXTI_Callback
                0x0800162c       0x16 ./Core/Src/main.o
                0x0800162c                HAL_GPIO_EXTI_Callback
 *fill*         0x08001642        0x2 
 .text.computeFFT
                0x08001644      0x278 ./Core/Src/main.o
                0x08001644                computeFFT
 .text.HAL_TIM_PeriodElapsedCallback
                0x080018bc       0x2c ./Core/Src/main.o
                0x080018bc                HAL_TIM_PeriodElapsedCallback
 .text.Error_Handler
                0x080018e8        0xc ./Core/Src/main.o
                0x080018e8                Error_Handler
 .text.HAL_MspInit
                0x080018f4       0x50 ./Core/Src/stm32f4xx_hal_msp.o
                0x080018f4                HAL_MspInit
 .text.NMI_Handler
                0x08001944        0x8 ./Core/Src/stm32f4xx_it.o
                0x08001944                NMI_Handler
 .text.HardFault_Handler
                0x0800194c        0x8 ./Core/Src/stm32f4xx_it.o
                0x0800194c                HardFault_Handler
 .text.MemManage_Handler
                0x08001954        0x8 ./Core/Src/stm32f4xx_it.o
                0x08001954                MemManage_Handler
 .text.BusFault_Handler
                0x0800195c        0x8 ./Core/Src/stm32f4xx_it.o
                0x0800195c                BusFault_Handler
 .text.UsageFault_Handler
                0x08001964        0x8 ./Core/Src/stm32f4xx_it.o
                0x08001964                UsageFault_Handler
 .text.SVC_Handler
                0x0800196c        0xe ./Core/Src/stm32f4xx_it.o
                0x0800196c                SVC_Handler
 .text.DebugMon_Handler
                0x0800197a        0xe ./Core/Src/stm32f4xx_it.o
                0x0800197a                DebugMon_Handler
 .text.PendSV_Handler
                0x08001988        0xe ./Core/Src/stm32f4xx_it.o
                0x08001988                PendSV_Handler
 .text.SysTick_Handler
                0x08001996        0xc ./Core/Src/stm32f4xx_it.o
                0x08001996                SysTick_Handler
 .text.EXTI0_IRQHandler
                0x080019a2        0xe ./Core/Src/stm32f4xx_it.o
                0x080019a2                EXTI0_IRQHandler
 .text.ADC_IRQHandler
                0x080019b0       0x14 ./Core/Src/stm32f4xx_it.o
                0x080019b0                ADC_IRQHandler
 .text.TIM5_IRQHandler
                0x080019c4       0x14 ./Core/Src/stm32f4xx_it.o
                0x080019c4                TIM5_IRQHandler
 .text.OTG_FS_IRQHandler
                0x080019d8       0x14 ./Core/Src/stm32f4xx_it.o
                0x080019d8                OTG_FS_IRQHandler
 .text.SystemInit
                0x080019ec       0x24 ./Core/Src/system_stm32f4xx.o
                0x080019ec                SystemInit
 .text.MX_TIM2_Init
                0x08001a10       0xcc ./Core/Src/tim.o
                0x08001a10                MX_TIM2_Init
 .text.MX_TIM5_Init
                0x08001adc       0xcc ./Core/Src/tim.o
                0x08001adc                MX_TIM5_Init
 .text.MX_TIM6_Init
                0x08001ba8       0x6c ./Core/Src/tim.o
                0x08001ba8                MX_TIM6_Init
 .text.HAL_TIM_Base_MspInit
                0x08001c14       0xa4 ./Core/Src/tim.o
                0x08001c14                HAL_TIM_Base_MspInit
 .text.Reset_Handler
                0x08001cb8       0x50 ./Core/Startup/startup_stm32f407vgtx.o
                0x08001cb8                Reset_Handler
 .text.Default_Handler
                0x08001d08        0x2 ./Core/Startup/startup_stm32f407vgtx.o
                0x08001d08                RTC_Alarm_IRQHandler
                0x08001d08                HASH_RNG_IRQHandler
                0x08001d08                EXTI2_IRQHandler
                0x08001d08                TIM8_CC_IRQHandler
                0x08001d08                TIM1_CC_IRQHandler
                0x08001d08                DMA2_Stream5_IRQHandler
                0x08001d08                DMA1_Stream5_IRQHandler
                0x08001d08                PVD_IRQHandler
                0x08001d08                SDIO_IRQHandler
                0x08001d08                TAMP_STAMP_IRQHandler
                0x08001d08                CAN2_RX1_IRQHandler
                0x08001d08                EXTI3_IRQHandler
                0x08001d08                TIM8_TRG_COM_TIM14_IRQHandler
                0x08001d08                TIM1_UP_TIM10_IRQHandler
                0x08001d08                TIM8_UP_TIM13_IRQHandler
                0x08001d08                I2C3_ER_IRQHandler
                0x08001d08                I2C2_EV_IRQHandler
                0x08001d08                DMA1_Stream2_IRQHandler
                0x08001d08                CAN1_RX0_IRQHandler
                0x08001d08                FPU_IRQHandler
                0x08001d08                OTG_HS_WKUP_IRQHandler
                0x08001d08                CAN2_SCE_IRQHandler
                0x08001d08                DMA2_Stream2_IRQHandler
                0x08001d08                SPI1_IRQHandler
                0x08001d08                TIM6_DAC_IRQHandler
                0x08001d08                TIM1_BRK_TIM9_IRQHandler
                0x08001d08                DCMI_IRQHandler
                0x08001d08                CAN2_RX0_IRQHandler
                0x08001d08                DMA2_Stream3_IRQHandler
                0x08001d08                USART6_IRQHandler
                0x08001d08                USART3_IRQHandler
                0x08001d08                CAN1_RX1_IRQHandler
                0x08001d08                UART5_IRQHandler
                0x08001d08                DMA2_Stream0_IRQHandler
                0x08001d08                TIM4_IRQHandler
                0x08001d08                I2C1_EV_IRQHandler
                0x08001d08                DMA1_Stream6_IRQHandler
                0x08001d08                DMA1_Stream1_IRQHandler
                0x08001d08                UART4_IRQHandler
                0x08001d08                TIM3_IRQHandler
                0x08001d08                RCC_IRQHandler
                0x08001d08                TIM8_BRK_TIM12_IRQHandler
                0x08001d08                Default_Handler
                0x08001d08                EXTI15_10_IRQHandler
                0x08001d08                DMA1_Stream7_IRQHandler
                0x08001d08                TIM7_IRQHandler
                0x08001d08                CAN2_TX_IRQHandler
                0x08001d08                DMA2_Stream7_IRQHandler
                0x08001d08                I2C3_EV_IRQHandler
                0x08001d08                EXTI9_5_IRQHandler
                0x08001d08                RTC_WKUP_IRQHandler
                0x08001d08                ETH_WKUP_IRQHandler
                0x08001d08                SPI2_IRQHandler
                0x08001d08                OTG_HS_EP1_IN_IRQHandler
                0x08001d08                DMA1_Stream0_IRQHandler
                0x08001d08                CAN1_TX_IRQHandler
                0x08001d08                EXTI4_IRQHandler
                0x08001d08                FSMC_IRQHandler
                0x08001d08                ETH_IRQHandler
                0x08001d08                OTG_HS_EP1_OUT_IRQHandler
                0x08001d08                WWDG_IRQHandler
                0x08001d08                TIM2_IRQHandler
                0x08001d08                OTG_FS_WKUP_IRQHandler
                0x08001d08                TIM1_TRG_COM_TIM11_IRQHandler
                0x08001d08                OTG_HS_IRQHandler
                0x08001d08                EXTI1_IRQHandler
                0x08001d08                USART2_IRQHandler
                0x08001d08                I2C2_ER_IRQHandler
                0x08001d08                DMA2_Stream1_IRQHandler
                0x08001d08                CAN1_SCE_IRQHandler
                0x08001d08                FLASH_IRQHandler
                0x08001d08                DMA2_Stream4_IRQHandler
                0x08001d08                USART1_IRQHandler
                0x08001d08                SPI3_IRQHandler
                0x08001d08                DMA1_Stream4_IRQHandler
                0x08001d08                I2C1_ER_IRQHandler
                0x08001d08                DMA2_Stream6_IRQHandler
                0x08001d08                DMA1_Stream3_IRQHandler
 *fill*         0x08001d0a        0x2 
 .text.HAL_Init
                0x08001d0c       0x44 ./Drivers/STM32F4xx_HAL_Driver/Src/stm32f4xx_hal.o
                0x08001d0c                HAL_Init
 .text.HAL_InitTick
                0x08001d50       0x60 ./Drivers/STM32F4xx_HAL_Driver/Src/stm32f4xx_hal.o
                0x08001d50                HAL_InitTick
 .text.HAL_IncTick
                0x08001db0       0x28 ./Drivers/STM32F4xx_HAL_Driver/Src/stm32f4xx_hal.o
                0x08001db0                HAL_IncTick
 .text.HAL_GetTick
                0x08001dd8       0x18 ./Drivers/STM32F4xx_HAL_Driver/Src/stm32f4xx_hal.o
                0x08001dd8                HAL_GetTick
 .text.HAL_Delay
                0x08001df0       0x48 ./Drivers/STM32F4xx_HAL_Driver/Src/stm32f4xx_hal.o
                0x08001df0                HAL_Delay
 .text.HAL_ADC_Init
                0x08001e38       0x86 ./Drivers/STM32F4xx_HAL_Driver/Src/stm32f4xx_hal_adc.o
                0x08001e38                HAL_ADC_Init
 *fill*         0x08001ebe        0x2 
 .text.HAL_ADC_Start_IT
                0x08001ec0      0x1bc ./Drivers/STM32F4xx_HAL_Driver/Src/stm32f4xx_hal_adc.o
                0x08001ec0                HAL_ADC_Start_IT
 .text.HAL_ADC_Stop_IT
                0x0800207c       0x7a ./Drivers/STM32F4xx_HAL_Driver/Src/stm32f4xx_hal_adc.o
                0x0800207c                HAL_ADC_Stop_IT
 .text.HAL_ADC_IRQHandler
                0x080020f6      0x220 ./Drivers/STM32F4xx_HAL_Driver/Src/stm32f4xx_hal_adc.o
                0x080020f6                HAL_ADC_IRQHandler
 .text.HAL_ADC_GetValue
                0x08002316       0x1a ./Drivers/STM32F4xx_HAL_Driver/Src/stm32f4xx_hal_adc.o
                0x08002316                HAL_ADC_GetValue
 .text.HAL_ADC_LevelOutOfWindowCallback
                0x08002330       0x14 ./Drivers/STM32F4xx_HAL_Driver/Src/stm32f4xx_hal_adc.o
                0x08002330                HAL_ADC_LevelOutOfWindowCallback
 .text.HAL_ADC_ErrorCallback
                0x08002344       0x14 ./Drivers/STM32F4xx_HAL_Driver/Src/stm32f4xx_hal_adc.o
                0x08002344                HAL_ADC_ErrorCallback
 .text.HAL_ADC_ConfigChannel
                0x08002358      0x244 ./Drivers/STM32F4xx_HAL_Driver/Src/stm32f4xx_hal_adc.o
                0x08002358                HAL_ADC_ConfigChannel
 .text.ADC_Init
                0x0800259c      0x1f8 ./Drivers/STM32F4xx_HAL_Driver/Src/stm32f4xx_hal_adc.o
 .text.HAL_ADCEx_InjectedConvCpltCallback
                0x08002794       0x14 ./Drivers/STM32F4xx_HAL_Driver/Src/stm32f4xx_hal_adc_ex.o
                0x08002794                HAL_ADCEx_InjectedConvCpltCallback
 .text.__NVIC_SetPriorityGrouping
                0x080027a8       0x48 ./Drivers/STM32F4xx_HAL_Driver/Src/stm32f4xx_hal_cortex.o
 .text.__NVIC_GetPriorityGrouping
                0x080027f0       0x1c ./Drivers/STM32F4xx_HAL_Driver/Src/stm32f4xx_hal_cortex.o
 .text.__NVIC_EnableIRQ
                0x0800280c       0x3c ./Drivers/STM32F4xx_HAL_Driver/Src/stm32f4xx_hal_cortex.o
 .text.__NVIC_SetPriority
                0x08002848       0x54 ./Drivers/STM32F4xx_HAL_Driver/Src/stm32f4xx_hal_cortex.o
 .text.NVIC_EncodePriority
                0x0800289c       0x66 ./Drivers/STM32F4xx_HAL_Driver/Src/stm32f4xx_hal_cortex.o
 *fill*         0x08002902        0x2 
 .text.SysTick_Config
                0x08002904       0x44 ./Drivers/STM32F4xx_HAL_Driver/Src/stm32f4xx_hal_cortex.o
 .text.HAL_NVIC_SetPriorityGrouping
                0x08002948       0x16 ./Drivers/STM32F4xx_HAL_Driver/Src/stm32f4xx_hal_cortex.o
                0x08002948                HAL_NVIC_SetPriorityGrouping
 .text.HAL_NVIC_SetPriority
                0x0800295e       0x38 ./Drivers/STM32F4xx_HAL_Driver/Src/stm32f4xx_hal_cortex.o
                0x0800295e                HAL_NVIC_SetPriority
 .text.HAL_NVIC_EnableIRQ
                0x08002996       0x1c ./Drivers/STM32F4xx_HAL_Driver/Src/stm32f4xx_hal_cortex.o
                0x08002996                HAL_NVIC_EnableIRQ
 .text.HAL_SYSTICK_Config
                0x080029b2       0x18 ./Drivers/STM32F4xx_HAL_Driver/Src/stm32f4xx_hal_cortex.o
                0x080029b2                HAL_SYSTICK_Config
 *fill*         0x080029ca        0x2 
 .text.HAL_GPIO_Init
                0x080029cc      0x338 ./Drivers/STM32F4xx_HAL_Driver/Src/stm32f4xx_hal_gpio.o
                0x080029cc                HAL_GPIO_Init
 .text.HAL_GPIO_WritePin
                0x08002d04       0x32 ./Drivers/STM32F4xx_HAL_Driver/Src/stm32f4xx_hal_gpio.o
                0x08002d04                HAL_GPIO_WritePin
 *fill*         0x08002d36        0x2 
 .text.HAL_GPIO_EXTI_IRQHandler
                0x08002d38       0x30 ./Drivers/STM32F4xx_HAL_Driver/Src/stm32f4xx_hal_gpio.o
                0x08002d38                HAL_GPIO_EXTI_IRQHandler
 .text.HAL_PCD_Init
                0x08002d68      0x21e ./Drivers/STM32F4xx_HAL_Driver/Src/stm32f4xx_hal_pcd.o
                0x08002d68                HAL_PCD_Init
 .text.HAL_PCD_Start
                0x08002f86       0x6a ./Drivers/STM32F4xx_HAL_Driver/Src/stm32f4xx_hal_pcd.o
                0x08002f86                HAL_PCD_Start
 .text.HAL_PCD_IRQHandler
                0x08002ff0      0x942 ./Drivers/STM32F4xx_HAL_Driver/Src/stm32f4xx_hal_pcd.o
                0x08002ff0                HAL_PCD_IRQHandler
 .text.HAL_PCD_SetAddress
                0x08003932       0x48 ./Drivers/STM32F4xx_HAL_Driver/Src/stm32f4xx_hal_pcd.o
                0x08003932                HAL_PCD_SetAddress
 .text.HAL_PCD_EP_Open
                0x0800397a       0xd4 ./Drivers/STM32F4xx_HAL_Driver/Src/stm32f4xx_hal_pcd.o
                0x0800397a                HAL_PCD_EP_Open
 .text.HAL_PCD_EP_Close
                0x08003a4e       0x94 ./Drivers/STM32F4xx_HAL_Driver/Src/stm32f4xx_hal_pcd.o
                0x08003a4e                HAL_PCD_EP_Close
 .text.HAL_PCD_EP_Receive
                0x08003ae2       0x76 ./Drivers/STM32F4xx_HAL_Driver/Src/stm32f4xx_hal_pcd.o
                0x08003ae2                HAL_PCD_EP_Receive
 .text.HAL_PCD_EP_GetRxCount
                0x08003b58       0x30 ./Drivers/STM32F4xx_HAL_Driver/Src/stm32f4xx_hal_pcd.o
                0x08003b58                HAL_PCD_EP_GetRxCount
 .text.HAL_PCD_EP_Transmit
                0x08003b88       0x74 ./Drivers/STM32F4xx_HAL_Driver/Src/stm32f4xx_hal_pcd.o
                0x08003b88                HAL_PCD_EP_Transmit
 .text.HAL_PCD_EP_SetStall
                0x08003bfc       0xc6 ./Drivers/STM32F4xx_HAL_Driver/Src/stm32f4xx_hal_pcd.o
                0x08003bfc                HAL_PCD_EP_SetStall
 .text.HAL_PCD_EP_ClrStall
                0x08003cc2       0xac ./Drivers/STM32F4xx_HAL_Driver/Src/stm32f4xx_hal_pcd.o
                0x08003cc2                HAL_PCD_EP_ClrStall
 .text.HAL_PCD_EP_Abort
                0x08003d6e       0x62 ./Drivers/STM32F4xx_HAL_Driver/Src/stm32f4xx_hal_pcd.o
                0x08003d6e                HAL_PCD_EP_Abort
 .text.PCD_WriteEmptyTxFifo
                0x08003dd0      0x118 ./Drivers/STM32F4xx_HAL_Driver/Src/stm32f4xx_hal_pcd.o
 .text.PCD_EP_OutXfrComplete_int
                0x08003ee8      0x1d0 ./Drivers/STM32F4xx_HAL_Driver/Src/stm32f4xx_hal_pcd.o
 .text.PCD_EP_OutSetupPacket_int
                0x080040b8       0x8c ./Drivers/STM32F4xx_HAL_Driver/Src/stm32f4xx_hal_pcd.o
 .text.HAL_PCDEx_SetTxFiFo
                0x08004144       0x8e ./Drivers/STM32F4xx_HAL_Driver/Src/stm32f4xx_hal_pcd_ex.o
                0x08004144                HAL_PCDEx_SetTxFiFo
 .text.HAL_PCDEx_SetRxFiFo
                0x080041d2       0x22 ./Drivers/STM32F4xx_HAL_Driver/Src/stm32f4xx_hal_pcd_ex.o
                0x080041d2                HAL_PCDEx_SetRxFiFo
 .text.HAL_PCDEx_LPM_Callback
                0x080041f4       0x18 ./Drivers/STM32F4xx_HAL_Driver/Src/stm32f4xx_hal_pcd_ex.o
                0x080041f4                HAL_PCDEx_LPM_Callback
 .text.HAL_RCC_OscConfig
                0x0800420c      0x4f0 ./Drivers/STM32F4xx_HAL_Driver/Src/stm32f4xx_hal_rcc.o
                0x0800420c                HAL_RCC_OscConfig
 .text.HAL_RCC_ClockConfig
                0x080046fc      0x1cc ./Drivers/STM32F4xx_HAL_Driver/Src/stm32f4xx_hal_rcc.o
                0x080046fc                HAL_RCC_ClockConfig
 .text.HAL_RCC_GetSysClockFreq
                0x080048c8      0x20c ./Drivers/STM32F4xx_HAL_Driver/Src/stm32f4xx_hal_rcc.o
                0x080048c8                HAL_RCC_GetSysClockFreq
 .text.HAL_RCC_GetHCLKFreq
                0x08004ad4       0x18 ./Drivers/STM32F4xx_HAL_Driver/Src/stm32f4xx_hal_rcc.o
                0x08004ad4                HAL_RCC_GetHCLKFreq
 .text.HAL_TIM_Base_Init
                0x08004aec       0x9e ./Drivers/STM32F4xx_HAL_Driver/Src/stm32f4xx_hal_tim.o
                0x08004aec                HAL_TIM_Base_Init
 *fill*         0x08004b8a        0x2 
 .text.HAL_TIM_Base_Start
                0x08004b8c       0xd0 ./Drivers/STM32F4xx_HAL_Driver/Src/stm32f4xx_hal_tim.o
                0x08004b8c                HAL_TIM_Base_Start
 .text.HAL_TIM_Base_Stop
                0x08004c5c       0x4e ./Drivers/STM32F4xx_HAL_Driver/Src/stm32f4xx_hal_tim.o
                0x08004c5c                HAL_TIM_Base_Stop
 *fill*         0x08004caa        0x2 
 .text.HAL_TIM_Base_Start_IT
                0x08004cac       0xe0 ./Drivers/STM32F4xx_HAL_Driver/Src/stm32f4xx_hal_tim.o
                0x08004cac                HAL_TIM_Base_Start_IT
 .text.HAL_TIM_IRQHandler
                0x08004d8c      0x1e0 ./Drivers/STM32F4xx_HAL_Driver/Src/stm32f4xx_hal_tim.o
                0x08004d8c                HAL_TIM_IRQHandler
 .text.HAL_TIM_ConfigClockSource
                0x08004f6c      0x18e ./Drivers/STM32F4xx_HAL_Driver/Src/stm32f4xx_hal_tim.o
                0x08004f6c                HAL_TIM_ConfigClockSource
 .text.HAL_TIM_SlaveConfigSynchro
                0x080050fa       0x84 ./Drivers/STM32F4xx_HAL_Driver/Src/stm32f4xx_hal_tim.o
                0x080050fa                HAL_TIM_SlaveConfigSynchro
 .text.HAL_TIM_OC_DelayElapsedCallback
                0x0800517e       0x14 ./Drivers/STM32F4xx_HAL_Driver/Src/stm32f4xx_hal_tim.o
                0x0800517e                HAL_TIM_OC_DelayElapsedCallback
 .text.HAL_TIM_IC_CaptureCallback
                0x08005192       0x14 ./Drivers/STM32F4xx_HAL_Driver/Src/stm32f4xx_hal_tim.o
                0x08005192                HAL_TIM_IC_CaptureCallback
 .text.HAL_TIM_PWM_PulseFinishedCallback
                0x080051a6       0x14 ./Drivers/STM32F4xx_HAL_Driver/Src/stm32f4xx_hal_tim.o
                0x080051a6                HAL_TIM_PWM_PulseFinishedCallback
 .text.HAL_TIM_TriggerCallback
                0x080051ba       0x14 ./Drivers/STM32F4xx_HAL_Driver/Src/stm32f4xx_hal_tim.o
                0x080051ba                HAL_TIM_TriggerCallback
 *fill*         0x080051ce        0x2 
 .text.TIM_Base_SetConfig
                0x080051d0      0x158 ./Drivers/STM32F4xx_HAL_Driver/Src/stm32f4xx_hal_tim.o
                0x080051d0                TIM_Base_SetConfig
 .text.TIM_SlaveTimer_SetConfig
                0x08005328      0x122 ./Drivers/STM32F4xx_HAL_Driver/Src/stm32f4xx_hal_tim.o
 .text.TIM_TI1_ConfigInputStage
                0x0800544a       0x5e ./Drivers/STM32F4xx_HAL_Driver/Src/stm32f4xx_hal_tim.o
 .text.TIM_TI2_ConfigInputStage
                0x080054a8       0x60 ./Drivers/STM32F4xx_HAL_Driver/Src/stm32f4xx_hal_tim.o
 .text.TIM_ITRx_SetConfig
                0x08005508       0x36 ./Drivers/STM32F4xx_HAL_Driver/Src/stm32f4xx_hal_tim.o
 .text.TIM_ETR_SetConfig
                0x0800553e       0x40 ./Drivers/STM32F4xx_HAL_Driver/Src/stm32f4xx_hal_tim.o
                0x0800553e                TIM_ETR_SetConfig
 *fill*         0x0800557e        0x2 
 .text.HAL_TIMEx_MasterConfigSynchronization
                0x08005580       0xf8 ./Drivers/STM32F4xx_HAL_Driver/Src/stm32f4xx_hal_tim_ex.o
                0x08005580                HAL_TIMEx_MasterConfigSynchronization
 .text.HAL_TIMEx_CommutCallback
                0x08005678       0x14 ./Drivers/STM32F4xx_HAL_Driver/Src/stm32f4xx_hal_tim_ex.o
                0x08005678                HAL_TIMEx_CommutCallback
 .text.HAL_TIMEx_BreakCallback
                0x0800568c       0x14 ./Drivers/STM32F4xx_HAL_Driver/Src/stm32f4xx_hal_tim_ex.o
                0x0800568c                HAL_TIMEx_BreakCallback
 .text.USB_CoreInit
                0x080056a0       0xc8 ./Drivers/STM32F4xx_HAL_Driver/Src/stm32f4xx_ll_usb.o
                0x080056a0                USB_CoreInit
 .text.USB_SetTurnaroundTime
                0x08005768      0x144 ./Drivers/STM32F4xx_HAL_Driver/Src/stm32f4xx_ll_usb.o
                0x08005768                USB_SetTurnaroundTime
 .text.USB_EnableGlobalInt
                0x080058ac       0x22 ./Drivers/STM32F4xx_HAL_Driver/Src/stm32f4xx_ll_usb.o
                0x080058ac                USB_EnableGlobalInt
 .text.USB_DisableGlobalInt
                0x080058ce       0x22 ./Drivers/STM32F4xx_HAL_Driver/Src/stm32f4xx_ll_usb.o
                0x080058ce                USB_DisableGlobalInt
 .text.USB_SetCurrentMode
                0x080058f0       0x98 ./Drivers/STM32F4xx_HAL_Driver/Src/stm32f4xx_ll_usb.o
                0x080058f0                USB_SetCurrentMode
 .text.USB_DevInit
                0x08005988      0x2c8 ./Drivers/STM32F4xx_HAL_Driver/Src/stm32f4xx_ll_usb.o
                0x08005988                USB_DevInit
 .text.USB_FlushTxFifo
                0x08005c50       0x64 ./Drivers/STM32F4xx_HAL_Driver/Src/stm32f4xx_ll_usb.o
                0x08005c50                USB_FlushTxFifo
 .text.USB_FlushRxFifo
                0x08005cb4       0x5c ./Drivers/STM32F4xx_HAL_Driver/Src/stm32f4xx_ll_usb.o
                0x08005cb4                USB_FlushRxFifo
 .text.USB_SetDevSpeed
                0x08005d10       0x32 ./Drivers/STM32F4xx_HAL_Driver/Src/stm32f4xx_ll_usb.o
                0x08005d10                USB_SetDevSpeed
 .text.USB_GetDevSpeed
                0x08005d42       0x4a ./Drivers/STM32F4xx_HAL_Driver/Src/stm32f4xx_ll_usb.o
                0x08005d42                USB_GetDevSpeed
 .text.USB_ActivateEndpoint
                0x08005d8c      0x10e ./Drivers/STM32F4xx_HAL_Driver/Src/stm32f4xx_ll_usb.o
                0x08005d8c                USB_ActivateEndpoint
 *fill*         0x08005e9a        0x2 
 .text.USB_DeactivateEndpoint
                0x08005e9c      0x1b8 ./Drivers/STM32F4xx_HAL_Driver/Src/stm32f4xx_ll_usb.o
                0x08005e9c                USB_DeactivateEndpoint
 .text.USB_EPStartXfer
                0x08006054      0x53c ./Drivers/STM32F4xx_HAL_Driver/Src/stm32f4xx_ll_usb.o
                0x08006054                USB_EPStartXfer
 .text.USB_EPStopXfer
                0x08006590      0x154 ./Drivers/STM32F4xx_HAL_Driver/Src/stm32f4xx_ll_usb.o
                0x08006590                USB_EPStopXfer
 .text.USB_WritePacket
                0x080066e4       0x7c ./Drivers/STM32F4xx_HAL_Driver/Src/stm32f4xx_ll_usb.o
                0x080066e4                USB_WritePacket
 .text.USB_ReadPacket
                0x08006760       0xb0 ./Drivers/STM32F4xx_HAL_Driver/Src/stm32f4xx_ll_usb.o
                0x08006760                USB_ReadPacket
 .text.USB_EPSetStall
                0x08006810       0xdc ./Drivers/STM32F4xx_HAL_Driver/Src/stm32f4xx_ll_usb.o
                0x08006810                USB_EPSetStall
 .text.USB_EPClearStall
                0x080068ec       0xcc ./Drivers/STM32F4xx_HAL_Driver/Src/stm32f4xx_ll_usb.o
                0x080068ec                USB_EPClearStall
 .text.USB_SetDevAddress
                0x080069b8       0x4c ./Drivers/STM32F4xx_HAL_Driver/Src/stm32f4xx_ll_usb.o
                0x080069b8                USB_SetDevAddress
 .text.USB_DevConnect
                0x08006a04       0x42 ./Drivers/STM32F4xx_HAL_Driver/Src/stm32f4xx_ll_usb.o
                0x08006a04                USB_DevConnect
 .text.USB_DevDisconnect
                0x08006a46       0x42 ./Drivers/STM32F4xx_HAL_Driver/Src/stm32f4xx_ll_usb.o
                0x08006a46                USB_DevDisconnect
 .text.USB_ReadInterrupts
                0x08006a88       0x26 ./Drivers/STM32F4xx_HAL_Driver/Src/stm32f4xx_ll_usb.o
                0x08006a88                USB_ReadInterrupts
 .text.USB_ReadDevAllOutEpInterrupt
                0x08006aae       0x34 ./Drivers/STM32F4xx_HAL_Driver/Src/stm32f4xx_ll_usb.o
                0x08006aae                USB_ReadDevAllOutEpInterrupt
 .text.USB_ReadDevAllInEpInterrupt
                0x08006ae2       0x34 ./Drivers/STM32F4xx_HAL_Driver/Src/stm32f4xx_ll_usb.o
                0x08006ae2                USB_ReadDevAllInEpInterrupt
 .text.USB_ReadDevOutEPInterrupt
                0x08006b16       0x3c ./Drivers/STM32F4xx_HAL_Driver/Src/stm32f4xx_ll_usb.o
                0x08006b16                USB_ReadDevOutEPInterrupt
 .text.USB_ReadDevInEPInterrupt
                0x08006b52       0x5c ./Drivers/STM32F4xx_HAL_Driver/Src/stm32f4xx_ll_usb.o
                0x08006b52                USB_ReadDevInEPInterrupt
 .text.USB_GetMode
                0x08006bae       0x1c ./Drivers/STM32F4xx_HAL_Driver/Src/stm32f4xx_ll_usb.o
                0x08006bae                USB_GetMode
 .text.USB_ActivateSetup
                0x08006bca       0x46 ./Drivers/STM32F4xx_HAL_Driver/Src/stm32f4xx_ll_usb.o
                0x08006bca                USB_ActivateSetup
 .text.USB_EP0_OutStart
                0x08006c10       0xbc ./Drivers/STM32F4xx_HAL_Driver/Src/stm32f4xx_ll_usb.o
                0x08006c10                USB_EP0_OutStart
 .text.USB_CoreReset
                0x08006ccc       0x62 ./Drivers/STM32F4xx_HAL_Driver/Src/stm32f4xx_ll_usb.o
 *fill*         0x08006d2e        0x2 
 .text.USBD_CDC_Init
                0x08006d30      0x1f0 ./Middlewares/ST/STM32_USB_Device_Library/Class/CDC/Src/usbd_cdc.o
 .text.USBD_CDC_DeInit
                0x08006f20      0x104 ./Middlewares/ST/STM32_USB_Device_Library/Class/CDC/Src/usbd_cdc.o
 .text.USBD_CDC_Setup
                0x08007024      0x1b8 ./Middlewares/ST/STM32_USB_Device_Library/Class/CDC/Src/usbd_cdc.o
 .text.USBD_CDC_DataIn
                0x080071dc       0xfe ./Middlewares/ST/STM32_USB_Device_Library/Class/CDC/Src/usbd_cdc.o
 .text.USBD_CDC_DataOut
                0x080072da       0x70 ./Middlewares/ST/STM32_USB_Device_Library/Class/CDC/Src/usbd_cdc.o
 .text.USBD_CDC_EP0_RxReady
                0x0800734a       0x74 ./Middlewares/ST/STM32_USB_Device_Library/Class/CDC/Src/usbd_cdc.o
 *fill*         0x080073be        0x2 
 .text.USBD_CDC_GetFSCfgDesc
                0x080073c0       0x70 ./Middlewares/ST/STM32_USB_Device_Library/Class/CDC/Src/usbd_cdc.o
 .text.USBD_CDC_GetHSCfgDesc
                0x08007430       0x70 ./Middlewares/ST/STM32_USB_Device_Library/Class/CDC/Src/usbd_cdc.o
 .text.USBD_CDC_GetOtherSpeedCfgDesc
                0x080074a0       0x70 ./Middlewares/ST/STM32_USB_Device_Library/Class/CDC/Src/usbd_cdc.o
 .text.USBD_CDC_GetDeviceQualifierDescriptor
                0x08007510       0x20 ./Middlewares/ST/STM32_USB_Device_Library/Class/CDC/Src/usbd_cdc.o
                0x08007510                USBD_CDC_GetDeviceQualifierDescriptor
 .text.USBD_CDC_RegisterInterface
                0x08007530       0x34 ./Middlewares/ST/STM32_USB_Device_Library/Class/CDC/Src/usbd_cdc.o
                0x08007530                USBD_CDC_RegisterInterface
 .text.USBD_CDC_SetTxBuffer
                0x08007564       0x44 ./Middlewares/ST/STM32_USB_Device_Library/Class/CDC/Src/usbd_cdc.o
                0x08007564                USBD_CDC_SetTxBuffer
 .text.USBD_CDC_SetRxBuffer
                0x080075a8       0x3a ./Middlewares/ST/STM32_USB_Device_Library/Class/CDC/Src/usbd_cdc.o
                0x080075a8                USBD_CDC_SetRxBuffer
 *fill*         0x080075e2        0x2 
 .text.USBD_CDC_TransmitPacket
                0x080075e4       0x80 ./Middlewares/ST/STM32_USB_Device_Library/Class/CDC/Src/usbd_cdc.o
                0x080075e4                USBD_CDC_TransmitPacket
 .text.USBD_CDC_ReceivePacket
                0x08007664       0x6c ./Middlewares/ST/STM32_USB_Device_Library/Class/CDC/Src/usbd_cdc.o
                0x08007664                USBD_CDC_ReceivePacket
 .text.USBD_Init
                0x080076d0       0x60 ./Middlewares/ST/STM32_USB_Device_Library/Core/Src/usbd_core.o
                0x080076d0                USBD_Init
 .text.USBD_RegisterClass
                0x08007730       0x6c ./Middlewares/ST/STM32_USB_Device_Library/Core/Src/usbd_core.o
                0x08007730                USBD_RegisterClass
 .text.USBD_Start
                0x0800779c       0x18 ./Middlewares/ST/STM32_USB_Device_Library/Core/Src/usbd_core.o
                0x0800779c                USBD_Start
 .text.USBD_RunTestMode
                0x080077b4       0x16 ./Middlewares/ST/STM32_USB_Device_Library/Core/Src/usbd_core.o
                0x080077b4                USBD_RunTestMode
 .text.USBD_SetClassConfig
                0x080077ca       0x38 ./Middlewares/ST/STM32_USB_Device_Library/Core/Src/usbd_core.o
                0x080077ca                USBD_SetClassConfig
 .text.USBD_ClrClassConfig
                0x08007802       0x34 ./Middlewares/ST/STM32_USB_Device_Library/Core/Src/usbd_core.o
                0x08007802                USBD_ClrClassConfig
 .text.USBD_LL_SetupStage
                0x08007836       0xaa ./Middlewares/ST/STM32_USB_Device_Library/Core/Src/usbd_core.o
                0x08007836                USBD_LL_SetupStage
 .text.USBD_LL_DataOutStage
                0x080078e0      0x166 ./Middlewares/ST/STM32_USB_Device_Library/Core/Src/usbd_core.o
                0x080078e0                USBD_LL_DataOutStage
 .text.USBD_LL_DataInStage
                0x08007a46      0x164 ./Middlewares/ST/STM32_USB_Device_Library/Core/Src/usbd_core.o
                0x08007a46                USBD_LL_DataInStage
 .text.USBD_LL_Reset
                0x08007baa       0xa4 ./Middlewares/ST/STM32_USB_Device_Library/Core/Src/usbd_core.o
                0x08007baa                USBD_LL_Reset
 .text.USBD_LL_SetSpeed
                0x08007c4e       0x20 ./Middlewares/ST/STM32_USB_Device_Library/Core/Src/usbd_core.o
                0x08007c4e                USBD_LL_SetSpeed
 .text.USBD_LL_Suspend
                0x08007c6e       0x38 ./Middlewares/ST/STM32_USB_Device_Library/Core/Src/usbd_core.o
                0x08007c6e                USBD_LL_Suspend
 .text.USBD_LL_Resume
                0x08007ca6       0x30 ./Middlewares/ST/STM32_USB_Device_Library/Core/Src/usbd_core.o
                0x08007ca6                USBD_LL_Resume
 .text.USBD_LL_SOF
                0x08007cd6       0x40 ./Middlewares/ST/STM32_USB_Device_Library/Core/Src/usbd_core.o
                0x08007cd6                USBD_LL_SOF
 .text.USBD_LL_IsoINIncomplete
                0x08007d16       0x64 ./Middlewares/ST/STM32_USB_Device_Library/Core/Src/usbd_core.o
                0x08007d16                USBD_LL_IsoINIncomplete
 .text.USBD_LL_IsoOUTIncomplete
                0x08007d7a       0x64 ./Middlewares/ST/STM32_USB_Device_Library/Core/Src/usbd_core.o
                0x08007d7a                USBD_LL_IsoOUTIncomplete
 .text.USBD_LL_DevConnected
                0x08007dde       0x16 ./Middlewares/ST/STM32_USB_Device_Library/Core/Src/usbd_core.o
                0x08007dde                USBD_LL_DevConnected
 .text.USBD_LL_DevDisconnected
                0x08007df4       0x46 ./Middlewares/ST/STM32_USB_Device_Library/Core/Src/usbd_core.o
                0x08007df4                USBD_LL_DevDisconnected
 .text.USBD_CoreFindIF
                0x08007e3a       0x1a ./Middlewares/ST/STM32_USB_Device_Library/Core/Src/usbd_core.o
                0x08007e3a                USBD_CoreFindIF
 .text.USBD_CoreFindEP
                0x08007e54       0x1a ./Middlewares/ST/STM32_USB_Device_Library/Core/Src/usbd_core.o
                0x08007e54                USBD_CoreFindEP
 .text.USBD_GetEpDesc
                0x08007e6e       0x70 ./Middlewares/ST/STM32_USB_Device_Library/Core/Src/usbd_core.o
                0x08007e6e                USBD_GetEpDesc
 .text.USBD_GetNextDesc
                0x08007ede       0x38 ./Middlewares/ST/STM32_USB_Device_Library/Core/Src/usbd_core.o
                0x08007ede                USBD_GetNextDesc
 .text.SWAPBYTE
                0x08007f16       0x3c ./Middlewares/ST/STM32_USB_Device_Library/Core/Src/usbd_ctlreq.o
 *fill*         0x08007f52        0x2 
 .text.USBD_StdDevReq
                0x08007f54       0xe4 ./Middlewares/ST/STM32_USB_Device_Library/Core/Src/usbd_ctlreq.o
                0x08007f54                USBD_StdDevReq
 .text.USBD_StdItfReq
                0x08008038       0xd8 ./Middlewares/ST/STM32_USB_Device_Library/Core/Src/usbd_ctlreq.o
                0x08008038                USBD_StdItfReq
 .text.USBD_StdEPReq
                0x08008110      0x33a ./Middlewares/ST/STM32_USB_Device_Library/Core/Src/usbd_ctlreq.o
                0x08008110                USBD_StdEPReq
 *fill*         0x0800844a        0x2 
 .text.USBD_GetDescriptor
                0x0800844c      0x2d4 ./Middlewares/ST/STM32_USB_Device_Library/Core/Src/usbd_ctlreq.o
 .text.USBD_SetAddress
                0x08008720       0x88 ./Middlewares/ST/STM32_USB_Device_Library/Core/Src/usbd_ctlreq.o
 .text.USBD_SetConfig
                0x080087a8      0x154 ./Middlewares/ST/STM32_USB_Device_Library/Core/Src/usbd_ctlreq.o
 .text.USBD_GetConfig
                0x080088fc       0x6c ./Middlewares/ST/STM32_USB_Device_Library/Core/Src/usbd_ctlreq.o
 .text.USBD_GetStatus
                0x08008968       0x68 ./Middlewares/ST/STM32_USB_Device_Library/Core/Src/usbd_ctlreq.o
 .text.USBD_SetFeature
                0x080089d0       0x52 ./Middlewares/ST/STM32_USB_Device_Library/Core/Src/usbd_ctlreq.o
 .text.USBD_ClrFeature
                0x08008a22       0x44 ./Middlewares/ST/STM32_USB_Device_Library/Core/Src/usbd_ctlreq.o
 .text.USBD_ParseSetupRequest
                0x08008a66       0x74 ./Middlewares/ST/STM32_USB_Device_Library/Core/Src/usbd_ctlreq.o
                0x08008a66                USBD_ParseSetupRequest
 .text.USBD_CtlError
                0x08008ada       0x22 ./Middlewares/ST/STM32_USB_Device_Library/Core/Src/usbd_ctlreq.o
                0x08008ada                USBD_CtlError
 .text.USBD_GetString
                0x08008afc       0xa4 ./Middlewares/ST/STM32_USB_Device_Library/Core/Src/usbd_ctlreq.o
                0x08008afc                USBD_GetString
 .text.USBD_GetLen
                0x08008ba0       0x34 ./Middlewares/ST/STM32_USB_Device_Library/Core/Src/usbd_ctlreq.o
 .text.USBD_CtlSendData
                0x08008bd4       0x36 ./Middlewares/ST/STM32_USB_Device_Library/Core/Src/usbd_ioreq.o
                0x08008bd4                USBD_CtlSendData
 .text.USBD_CtlContinueSendData
                0x08008c0a       0x22 ./Middlewares/ST/STM32_USB_Device_Library/Core/Src/usbd_ioreq.o
                0x08008c0a                USBD_CtlContinueSendData
 .text.USBD_CtlPrepareRx
                0x08008c2c       0x3a ./Middlewares/ST/STM32_USB_Device_Library/Core/Src/usbd_ioreq.o
                0x08008c2c                USBD_CtlPrepareRx
 .text.USBD_CtlContinueRx
                0x08008c66       0x22 ./Middlewares/ST/STM32_USB_Device_Library/Core/Src/usbd_ioreq.o
                0x08008c66                USBD_CtlContinueRx
 .text.USBD_CtlSendStatus
                0x08008c88       0x26 ./Middlewares/ST/STM32_USB_Device_Library/Core/Src/usbd_ioreq.o
                0x08008c88                USBD_CtlSendStatus
 .text.USBD_CtlReceiveStatus
                0x08008cae       0x26 ./Middlewares/ST/STM32_USB_Device_Library/Core/Src/usbd_ioreq.o
                0x08008cae                USBD_CtlReceiveStatus
 .text.MX_USB_DEVICE_Init
                0x08008cd4       0x60 ./USB_DEVICE/App/usb_device.o
                0x08008cd4                MX_USB_DEVICE_Init
 .text.CDC_Init_FS
                0x08008d34       0x28 ./USB_DEVICE/App/usbd_cdc_if.o
 .text.CDC_DeInit_FS
                0x08008d5c       0x10 ./USB_DEVICE/App/usbd_cdc_if.o
 .text.CDC_Control_FS
                0x08008d6c       0xbc ./USB_DEVICE/App/usbd_cdc_if.o
 .text.CDC_Receive_FS
                0x08008e28       0x5c ./USB_DEVICE/App/usbd_cdc_if.o
 .text.CDC_Transmit_FS
                0x08008e84       0x4c ./USB_DEVICE/App/usbd_cdc_if.o
                0x08008e84                CDC_Transmit_FS
 .text.CDC_TransmitCplt_FS
                0x08008ed0       0x22 ./USB_DEVICE/App/usbd_cdc_if.o
 *fill*         0x08008ef2        0x2 
 .text.USBD_FS_DeviceDescriptor
                0x08008ef4       0x24 ./USB_DEVICE/App/usbd_desc.o
                0x08008ef4                USBD_FS_DeviceDescriptor
 .text.USBD_FS_LangIDStrDescriptor
                0x08008f18       0x24 ./USB_DEVICE/App/usbd_desc.o
                0x08008f18                USBD_FS_LangIDStrDescriptor
 .text.USBD_FS_ProductStrDescriptor
                0x08008f3c       0x3c ./USB_DEVICE/App/usbd_desc.o
                0x08008f3c                USBD_FS_ProductStrDescriptor
 .text.USBD_FS_ManufacturerStrDescriptor
                0x08008f78       0x28 ./USB_DEVICE/App/usbd_desc.o
                0x08008f78                USBD_FS_ManufacturerStrDescriptor
 .text.USBD_FS_SerialStrDescriptor
                0x08008fa0       0x24 ./USB_DEVICE/App/usbd_desc.o
                0x08008fa0                USBD_FS_SerialStrDescriptor
 .text.USBD_FS_ConfigStrDescriptor
                0x08008fc4       0x3c ./USB_DEVICE/App/usbd_desc.o
                0x08008fc4                USBD_FS_ConfigStrDescriptor
 .text.USBD_FS_InterfaceStrDescriptor
                0x08009000       0x3c ./USB_DEVICE/App/usbd_desc.o
                0x08009000                USBD_FS_InterfaceStrDescriptor
 .text.Get_SerialNum
                0x0800903c       0x58 ./USB_DEVICE/App/usbd_desc.o
 .text.IntToUnicode
                0x08009094       0x7e ./USB_DEVICE/App/usbd_desc.o
 *fill*         0x08009112        0x2 
 .text.HAL_PCD_MspInit
                0x08009114       0xc4 ./USB_DEVICE/Target/usbd_conf.o
                0x08009114                HAL_PCD_MspInit
 .text.HAL_PCD_SetupStageCallback
                0x080091d8       0x24 ./USB_DEVICE/Target/usbd_conf.o
                0x080091d8                HAL_PCD_SetupStageCallback
 .text.HAL_PCD_DataOutStageCallback
                0x080091fc       0x36 ./USB_DEVICE/Target/usbd_conf.o
                0x080091fc                HAL_PCD_DataOutStageCallback
 .text.HAL_PCD_DataInStageCallback
                0x08009232       0x34 ./USB_DEVICE/Target/usbd_conf.o
                0x08009232                HAL_PCD_DataInStageCallback
 .text.HAL_PCD_SOFCallback
                0x08009266       0x1c ./USB_DEVICE/Target/usbd_conf.o
                0x08009266                HAL_PCD_SOFCallback
 .text.HAL_PCD_ResetCallback
                0x08009282       0x50 ./USB_DEVICE/Target/usbd_conf.o
                0x08009282                HAL_PCD_ResetCallback
 *fill*         0x080092d2        0x2 
 .text.HAL_PCD_SuspendCallback
                0x080092d4       0x4c ./USB_DEVICE/Target/usbd_conf.o
                0x080092d4                HAL_PCD_SuspendCallback
 .text.HAL_PCD_ResumeCallback
                0x08009320       0x1c ./USB_DEVICE/Target/usbd_conf.o
                0x08009320                HAL_PCD_ResumeCallback
 .text.HAL_PCD_ISOOUTIncompleteCallback
                0x0800933c       0x24 ./USB_DEVICE/Target/usbd_conf.o
                0x0800933c                HAL_PCD_ISOOUTIncompleteCallback
 .text.HAL_PCD_ISOINIncompleteCallback
                0x08009360       0x24 ./USB_DEVICE/Target/usbd_conf.o
                0x08009360                HAL_PCD_ISOINIncompleteCallback
 .text.HAL_PCD_ConnectCallback
                0x08009384       0x1c ./USB_DEVICE/Target/usbd_conf.o
                0x08009384                HAL_PCD_ConnectCallback
 .text.HAL_PCD_DisconnectCallback
                0x080093a0       0x1c ./USB_DEVICE/Target/usbd_conf.o
                0x080093a0                HAL_PCD_DisconnectCallback
 .text.USBD_LL_Init
                0x080093bc       0x98 ./USB_DEVICE/Target/usbd_conf.o
                0x080093bc                USBD_LL_Init
 .text.USBD_LL_Start
                0x08009454       0x36 ./USB_DEVICE/Target/usbd_conf.o
                0x08009454                USBD_LL_Start
 .text.USBD_LL_OpenEP
                0x0800948a       0x4c ./USB_DEVICE/Target/usbd_conf.o
                0x0800948a                USBD_LL_OpenEP
 .text.USBD_LL_CloseEP
                0x080094d6       0x3e ./USB_DEVICE/Target/usbd_conf.o
                0x080094d6                USBD_LL_CloseEP
 .text.USBD_LL_StallEP
                0x08009514       0x3e ./USB_DEVICE/Target/usbd_conf.o
                0x08009514                USBD_LL_StallEP
 .text.USBD_LL_ClearStallEP
                0x08009552       0x3e ./USB_DEVICE/Target/usbd_conf.o
                0x08009552                USBD_LL_ClearStallEP
 .text.USBD_LL_IsStallEP
                0x08009590       0x58 ./USB_DEVICE/Target/usbd_conf.o
                0x08009590                USBD_LL_IsStallEP
 .text.USBD_LL_SetUSBAddress
                0x080095e8       0x3e ./USB_DEVICE/Target/usbd_conf.o
                0x080095e8                USBD_LL_SetUSBAddress
 .text.USBD_LL_Transmit
                0x08009626       0x42 ./USB_DEVICE/Target/usbd_conf.o
                0x08009626                USBD_LL_Transmit
 .text.USBD_LL_PrepareReceive
                0x08009668       0x42 ./USB_DEVICE/Target/usbd_conf.o
                0x08009668                USBD_LL_PrepareReceive
 .text.USBD_LL_GetRxDataSize
                0x080096aa       0x26 ./USB_DEVICE/Target/usbd_conf.o
                0x080096aa                USBD_LL_GetRxDataSize
 .text.USBD_static_malloc
                0x080096d0       0x1c ./USB_DEVICE/Target/usbd_conf.o
                0x080096d0                USBD_static_malloc
 .text.USBD_static_free
                0x080096ec       0x14 ./USB_DEVICE/Target/usbd_conf.o
                0x080096ec                USBD_static_free
 .text.USBD_Get_USB_Status
                0x08009700       0x58 ./USB_DEVICE/Target/usbd_conf.o
                0x08009700                USBD_Get_USB_Status
 .text.arm_mean_q15
                0x08009758       0x60 C:\Users\jfont\Desktop\projects\stm32f407-disc1\projects\DSP-FCEFYN\Drivers\CMSIS\Lib\GCC\libarm_cortexM4lf_math.a(arm_mean_q15.o)
                0x08009758                arm_mean_q15
 .text.arm_max_q15
                0x080097b8       0xac C:\Users\jfont\Desktop\projects\stm32f407-disc1\projects\DSP-FCEFYN\Drivers\CMSIS\Lib\GCC\libarm_cortexM4lf_math.a(arm_max_q15.o)
                0x080097b8                arm_max_q15
 .text.arm_split_rfft_q15
                0x08009864      0x10c C:\Users\jfont\Desktop\projects\stm32f407-disc1\projects\DSP-FCEFYN\Drivers\CMSIS\Lib\GCC\libarm_cortexM4lf_math.a(arm_rfft_q15.o)
                0x08009864                arm_split_rfft_q15
 .text.arm_rfft_q15
                0x08009970       0xf8 C:\Users\jfont\Desktop\projects\stm32f407-disc1\projects\DSP-FCEFYN\Drivers\CMSIS\Lib\GCC\libarm_cortexM4lf_math.a(arm_rfft_q15.o)
                0x08009970                arm_rfft_q15
 .text.arm_rfft_init_q15
                0x08009a68       0xf8 C:\Users\jfont\Desktop\projects\stm32f407-disc1\projects\DSP-FCEFYN\Drivers\CMSIS\Lib\GCC\libarm_cortexM4lf_math.a(arm_rfft_init_q15.o)
                0x08009a68                arm_rfft_init_q15
 .text.arm_fir_q15
                0x08009b60      0x388 C:\Users\jfont\Desktop\projects\stm32f407-disc1\projects\DSP-FCEFYN\Drivers\CMSIS\Lib\GCC\libarm_cortexM4lf_math.a(arm_fir_q15.o)
                0x08009b60                arm_fir_q15
 .text.arm_fir_init_q15
                0x08009ee8       0x2c C:\Users\jfont\Desktop\projects\stm32f407-disc1\projects\DSP-FCEFYN\Drivers\CMSIS\Lib\GCC\libarm_cortexM4lf_math.a(arm_fir_init_q15.o)
                0x08009ee8                arm_fir_init_q15
 .text.arm_abs_q15
                0x08009f14       0xd4 C:\Users\jfont\Desktop\projects\stm32f407-disc1\projects\DSP-FCEFYN\Drivers\CMSIS\Lib\GCC\libarm_cortexM4lf_math.a(arm_abs_q15.o)
                0x08009f14                arm_abs_q15
 .text.arm_cfft_radix4by2_q15
                0x08009fe8       0xbc C:\Users\jfont\Desktop\projects\stm32f407-disc1\projects\DSP-FCEFYN\Drivers\CMSIS\Lib\GCC\libarm_cortexM4lf_math.a(arm_cfft_q15.o)
                0x08009fe8                arm_cfft_radix4by2_q15
 .text.arm_cfft_radix4by2_inverse_q15
                0x0800a0a4       0xbc C:\Users\jfont\Desktop\projects\stm32f407-disc1\projects\DSP-FCEFYN\Drivers\CMSIS\Lib\GCC\libarm_cortexM4lf_math.a(arm_cfft_q15.o)
                0x0800a0a4                arm_cfft_radix4by2_inverse_q15
 .text.arm_cfft_q15
                0x0800a160       0xbc C:\Users\jfont\Desktop\projects\stm32f407-disc1\projects\DSP-FCEFYN\Drivers\CMSIS\Lib\GCC\libarm_cortexM4lf_math.a(arm_cfft_q15.o)
                0x0800a160                arm_cfft_q15
 .text.arm_radix4_butterfly_q15
                0x0800a21c      0x354 C:\Users\jfont\Desktop\projects\stm32f407-disc1\projects\DSP-FCEFYN\Drivers\CMSIS\Lib\GCC\libarm_cortexM4lf_math.a(arm_cfft_radix4_q15.o)
                0x0800a21c                arm_radix4_butterfly_q15
 .text.arm_radix4_butterfly_inverse_q15
                0x0800a570      0x354 C:\Users\jfont\Desktop\projects\stm32f407-disc1\projects\DSP-FCEFYN\Drivers\CMSIS\Lib\GCC\libarm_cortexM4lf_math.a(arm_cfft_radix4_q15.o)
                0x0800a570                arm_radix4_butterfly_inverse_q15
 .text.arm_bitreversal_16
                0x0800a8c4       0x44 C:\Users\jfont\Desktop\projects\stm32f407-disc1\projects\DSP-FCEFYN\Drivers\CMSIS\Lib\GCC\libarm_cortexM4lf_math.a(arm_bitreversal2.o)
                0x0800a8c4                arm_bitreversal_16
 .text.atoi     0x0800a908        0x8 C:/ST/STM32CubeIDE_1.17.0/STM32CubeIDE/plugins/com.st.stm32cube.ide.mcu.externaltools.gnu-tools-for-stm32.12.3.rel1.win32_1.1.0.202410251130/tools/bin/../lib/gcc/arm-none-eabi/12.3.1/../../../../arm-none-eabi/lib/thumb/v7e-m+fp/hard\libc_nano.a(libc_a-atoi.o)
                0x0800a908                atoi
 .text._strtol_l.constprop.0
                0x0800a910       0xf4 C:/ST/STM32CubeIDE_1.17.0/STM32CubeIDE/plugins/com.st.stm32cube.ide.mcu.externaltools.gnu-tools-for-stm32.12.3.rel1.win32_1.1.0.202410251130/tools/bin/../lib/gcc/arm-none-eabi/12.3.1/../../../../arm-none-eabi/lib/thumb/v7e-m+fp/hard\libc_nano.a(libc_a-strtol.o)
 .text.strtol   0x0800aa04       0x14 C:/ST/STM32CubeIDE_1.17.0/STM32CubeIDE/plugins/com.st.stm32cube.ide.mcu.externaltools.gnu-tools-for-stm32.12.3.rel1.win32_1.1.0.202410251130/tools/bin/../lib/gcc/arm-none-eabi/12.3.1/../../../../arm-none-eabi/lib/thumb/v7e-m+fp/hard\libc_nano.a(libc_a-strtol.o)
                0x0800aa04                strtol
 .text.memset   0x0800aa18       0x10 C:/ST/STM32CubeIDE_1.17.0/STM32CubeIDE/plugins/com.st.stm32cube.ide.mcu.externaltools.gnu-tools-for-stm32.12.3.rel1.win32_1.1.0.202410251130/tools/bin/../lib/gcc/arm-none-eabi/12.3.1/../../../../arm-none-eabi/lib/thumb/v7e-m+fp/hard\libc_nano.a(libc_a-memset.o)
                0x0800aa18                memset
 .text.strncmp  0x0800aa28       0x24 C:/ST/STM32CubeIDE_1.17.0/STM32CubeIDE/plugins/com.st.stm32cube.ide.mcu.externaltools.gnu-tools-for-stm32.12.3.rel1.win32_1.1.0.202410251130/tools/bin/../lib/gcc/arm-none-eabi/12.3.1/../../../../arm-none-eabi/lib/thumb/v7e-m+fp/hard\libc_nano.a(libc_a-strncmp.o)
                0x0800aa28                strncmp
 .text.__errno  0x0800aa4c        0xc C:/ST/STM32CubeIDE_1.17.0/STM32CubeIDE/plugins/com.st.stm32cube.ide.mcu.externaltools.gnu-tools-for-stm32.12.3.rel1.win32_1.1.0.202410251130/tools/bin/../lib/gcc/arm-none-eabi/12.3.1/../../../../arm-none-eabi/lib/thumb/v7e-m+fp/hard\libc_nano.a(libc_a-errno.o)
                0x0800aa4c                __errno
 .text.__libc_init_array
                0x0800aa58       0x48 C:/ST/STM32CubeIDE_1.17.0/STM32CubeIDE/plugins/com.st.stm32cube.ide.mcu.externaltools.gnu-tools-for-stm32.12.3.rel1.win32_1.1.0.202410251130/tools/bin/../lib/gcc/arm-none-eabi/12.3.1/../../../../arm-none-eabi/lib/thumb/v7e-m+fp/hard\libc_nano.a(libc_a-init.o)
                0x0800aa58                __libc_init_array
 .text.memcpy   0x0800aaa0       0x1c C:/ST/STM32CubeIDE_1.17.0/STM32CubeIDE/plugins/com.st.stm32cube.ide.mcu.externaltools.gnu-tools-for-stm32.12.3.rel1.win32_1.1.0.202410251130/tools/bin/../lib/gcc/arm-none-eabi/12.3.1/../../../../arm-none-eabi/lib/thumb/v7e-m+fp/hard\libc_nano.a(libc_a-memcpy-stub.o)
                0x0800aaa0                memcpy
 *(.glue_7)
 .glue_7        0x0800aabc        0x0 linker stubs
 *(.glue_7t)
 .glue_7t       0x0800aabc        0x0 linker stubs
 *(.eh_frame)
 .eh_frame      0x0800aabc        0x0 C:/ST/STM32CubeIDE_1.17.0/STM32CubeIDE/plugins/com.st.stm32cube.ide.mcu.externaltools.gnu-tools-for-stm32.12.3.rel1.win32_1.1.0.202410251130/tools/bin/../lib/gcc/arm-none-eabi/12.3.1/thumb/v7e-m+fp/hard/crtbegin.o
 *(.init)
 .init          0x0800aabc        0x4 C:/ST/STM32CubeIDE_1.17.0/STM32CubeIDE/plugins/com.st.stm32cube.ide.mcu.externaltools.gnu-tools-for-stm32.12.3.rel1.win32_1.1.0.202410251130/tools/bin/../lib/gcc/arm-none-eabi/12.3.1/thumb/v7e-m+fp/hard/crti.o
                0x0800aabc                _init
 .init          0x0800aac0        0x8 C:/ST/STM32CubeIDE_1.17.0/STM32CubeIDE/plugins/com.st.stm32cube.ide.mcu.externaltools.gnu-tools-for-stm32.12.3.rel1.win32_1.1.0.202410251130/tools/bin/../lib/gcc/arm-none-eabi/12.3.1/thumb/v7e-m+fp/hard/crtn.o
 *(.fini)
 .fini          0x0800aac8        0x4 C:/ST/STM32CubeIDE_1.17.0/STM32CubeIDE/plugins/com.st.stm32cube.ide.mcu.externaltools.gnu-tools-for-stm32.12.3.rel1.win32_1.1.0.202410251130/tools/bin/../lib/gcc/arm-none-eabi/12.3.1/thumb/v7e-m+fp/hard/crti.o
                0x0800aac8                _fini
 .fini          0x0800aacc        0x8 C:/ST/STM32CubeIDE_1.17.0/STM32CubeIDE/plugins/com.st.stm32cube.ide.mcu.externaltools.gnu-tools-for-stm32.12.3.rel1.win32_1.1.0.202410251130/tools/bin/../lib/gcc/arm-none-eabi/12.3.1/thumb/v7e-m+fp/hard/crtn.o
                0x0800aad4                        . = ALIGN (0x4)
                0x0800aad4                        _etext = .

.vfp11_veneer   0x0800aad4        0x0
 .vfp11_veneer  0x0800aad4        0x0 linker stubs

.v4_bx          0x0800aad4        0x0
 .v4_bx         0x0800aad4        0x0 linker stubs

.iplt           0x0800aad4        0x0
 .iplt          0x0800aad4        0x0 C:/ST/STM32CubeIDE_1.17.0/STM32CubeIDE/plugins/com.st.stm32cube.ide.mcu.externaltools.gnu-tools-for-stm32.12.3.rel1.win32_1.1.0.202410251130/tools/bin/../lib/gcc/arm-none-eabi/12.3.1/thumb/v7e-m+fp/hard/crtbegin.o

.rodata         0x0800aad4    0x18704
                0x0800aad4                        . = ALIGN (0x4)
 *(.rodata)
 .rodata        0x0800aad4       0x2e ./Core/Src/main.o
 *fill*         0x0800ab02        0x2 
 .rodata        0x0800ab04       0x46 ./USB_DEVICE/App/usbd_desc.o
 *(.rodata*)
 *fill*         0x0800ab4a        0x2 
 .rodata.lowpass_96k
                0x0800ab4c       0xc8 ./Core/Src/filters.o
                0x0800ab4c                lowpass_96k
 .rodata.lowpass_48k
                0x0800ac14      0x12c ./Core/Src/filters.o
                0x0800ac14                lowpass_48k
 .rodata.lowpass_44k
                0x0800ad40      0x190 ./Core/Src/filters.o
                0x0800ad40                lowpass_44k
 .rodata.lowpass_22k
                0x0800aed0      0x280 ./Core/Src/filters.o
                0x0800aed0                lowpass_22k
 .rodata.lowpass_16k
                0x0800b150      0x320 ./Core/Src/filters.o
                0x0800b150                lowpass_16k
 .rodata.lowpass_8k
                0x0800b470      0x640 ./Core/Src/filters.o
                0x0800b470                lowpass_8k
 .rodata.lowpass_1k
                0x0800bab0      0xbb8 ./Core/Src/filters.o
                0x0800bab0                lowpass_1k
 .rodata.highpass_96k
                0x0800c668       0xc8 ./Core/Src/filters.o
                0x0800c668                highpass_96k
 .rodata.highpass_48k
                0x0800c730      0x12e ./Core/Src/filters.o
                0x0800c730                highpass_48k
 *fill*         0x0800c85e        0x2 
 .rodata.highpass_44k
                0x0800c860      0x192 ./Core/Src/filters.o
                0x0800c860                highpass_44k
 *fill*         0x0800c9f2        0x2 
 .rodata.highpass_22k
                0x0800c9f4      0x282 ./Core/Src/filters.o
                0x0800c9f4                highpass_22k
 *fill*         0x0800cc76        0x2 
 .rodata.highpass_16k
                0x0800cc78      0x320 ./Core/Src/filters.o
                0x0800cc78                highpass_16k
 .rodata.highpass_8k
                0x0800cf98      0x640 ./Core/Src/filters.o
                0x0800cf98                highpass_8k
 .rodata.highpass_1k
                0x0800d5d8      0xbb8 ./Core/Src/filters.o
                0x0800d5d8                highpass_1k
 .rodata.bandpass_96k
                0x0800e190       0xc8 ./Core/Src/filters.o
                0x0800e190                bandpass_96k
 .rodata.bandpass_48k
                0x0800e258      0x12c ./Core/Src/filters.o
                0x0800e258                bandpass_48k
 .rodata.bandpass_44k
                0x0800e384      0x190 ./Core/Src/filters.o
                0x0800e384                bandpass_44k
 .rodata.bandpass_22k
                0x0800e514      0x280 ./Core/Src/filters.o
                0x0800e514                bandpass_22k
 .rodata.bandpass_16k
                0x0800e794      0x320 ./Core/Src/filters.o
                0x0800e794                bandpass_16k
 .rodata.bandpass_8k
                0x0800eab4      0x640 ./Core/Src/filters.o
                0x0800eab4                bandpass_8k
 .rodata.bandpass_1k
                0x0800f0f4      0x640 ./Core/Src/filters.o
                0x0800f0f4                bandpass_1k
 .rodata.notch_96k
                0x0800f734       0xcc ./Core/Src/filters.o
                0x0800f734                notch_96k
 .rodata.notch_48k
                0x0800f800      0x130 ./Core/Src/filters.o
                0x0800f800                notch_48k
 .rodata.notch_44k
                0x0800f930      0x194 ./Core/Src/filters.o
                0x0800f930                notch_44k
 .rodata.notch_22k
                0x0800fac4      0x284 ./Core/Src/filters.o
                0x0800fac4                notch_22k
 .rodata.notch_16k
                0x0800fd48      0x324 ./Core/Src/filters.o
                0x0800fd48                notch_16k
 .rodata.notch_8k
                0x0801006c      0x644 ./Core/Src/filters.o
                0x0801006c                notch_8k
 .rodata.notch_1k
                0x080106b0      0xbbc ./Core/Src/filters.o
                0x080106b0                notch_1k
 .rodata.AHBPrescTable
                0x0801126c       0x10 ./Core/Src/system_stm32f4xx.o
                0x0801126c                AHBPrescTable
 .rodata.arm_cfft_sR_q15_len1024
                0x0801127c       0x10 C:\Users\jfont\Desktop\projects\stm32f407-disc1\projects\DSP-FCEFYN\Drivers\CMSIS\Lib\GCC\libarm_cortexM4lf_math.a(arm_const_structs.o)
                0x0801127c                arm_cfft_sR_q15_len1024
 .rodata.arm_cfft_sR_q15_len128
                0x0801128c       0x10 C:\Users\jfont\Desktop\projects\stm32f407-disc1\projects\DSP-FCEFYN\Drivers\CMSIS\Lib\GCC\libarm_cortexM4lf_math.a(arm_const_structs.o)
                0x0801128c                arm_cfft_sR_q15_len128
 .rodata.arm_cfft_sR_q15_len16
                0x0801129c       0x10 C:\Users\jfont\Desktop\projects\stm32f407-disc1\projects\DSP-FCEFYN\Drivers\CMSIS\Lib\GCC\libarm_cortexM4lf_math.a(arm_const_structs.o)
                0x0801129c                arm_cfft_sR_q15_len16
 .rodata.arm_cfft_sR_q15_len2048
                0x080112ac       0x10 C:\Users\jfont\Desktop\projects\stm32f407-disc1\projects\DSP-FCEFYN\Drivers\CMSIS\Lib\GCC\libarm_cortexM4lf_math.a(arm_const_structs.o)
                0x080112ac                arm_cfft_sR_q15_len2048
 .rodata.arm_cfft_sR_q15_len256
                0x080112bc       0x10 C:\Users\jfont\Desktop\projects\stm32f407-disc1\projects\DSP-FCEFYN\Drivers\CMSIS\Lib\GCC\libarm_cortexM4lf_math.a(arm_const_structs.o)
                0x080112bc                arm_cfft_sR_q15_len256
 .rodata.arm_cfft_sR_q15_len32
                0x080112cc       0x10 C:\Users\jfont\Desktop\projects\stm32f407-disc1\projects\DSP-FCEFYN\Drivers\CMSIS\Lib\GCC\libarm_cortexM4lf_math.a(arm_const_structs.o)
                0x080112cc                arm_cfft_sR_q15_len32
 .rodata.arm_cfft_sR_q15_len4096
                0x080112dc       0x10 C:\Users\jfont\Desktop\projects\stm32f407-disc1\projects\DSP-FCEFYN\Drivers\CMSIS\Lib\GCC\libarm_cortexM4lf_math.a(arm_const_structs.o)
                0x080112dc                arm_cfft_sR_q15_len4096
 .rodata.arm_cfft_sR_q15_len512
                0x080112ec       0x10 C:\Users\jfont\Desktop\projects\stm32f407-disc1\projects\DSP-FCEFYN\Drivers\CMSIS\Lib\GCC\libarm_cortexM4lf_math.a(arm_const_structs.o)
                0x080112ec                arm_cfft_sR_q15_len512
 .rodata.arm_cfft_sR_q15_len64
                0x080112fc       0x10 C:\Users\jfont\Desktop\projects\stm32f407-disc1\projects\DSP-FCEFYN\Drivers\CMSIS\Lib\GCC\libarm_cortexM4lf_math.a(arm_const_structs.o)
                0x080112fc                arm_cfft_sR_q15_len64
 .rodata.armBitRevIndexTable_fixed_1024
                0x0801130c      0x7c0 C:\Users\jfont\Desktop\projects\stm32f407-disc1\projects\DSP-FCEFYN\Drivers\CMSIS\Lib\GCC\libarm_cortexM4lf_math.a(arm_common_tables.o)
                0x0801130c                armBitRevIndexTable_fixed_1024
 .rodata.armBitRevIndexTable_fixed_128
                0x08011acc       0xe0 C:\Users\jfont\Desktop\projects\stm32f407-disc1\projects\DSP-FCEFYN\Drivers\CMSIS\Lib\GCC\libarm_cortexM4lf_math.a(arm_common_tables.o)
                0x08011acc                armBitRevIndexTable_fixed_128
 .rodata.armBitRevIndexTable_fixed_16
                0x08011bac       0x18 C:\Users\jfont\Desktop\projects\stm32f407-disc1\projects\DSP-FCEFYN\Drivers\CMSIS\Lib\GCC\libarm_cortexM4lf_math.a(arm_common_tables.o)
                0x08011bac                armBitRevIndexTable_fixed_16
 .rodata.armBitRevIndexTable_fixed_2048
                0x08011bc4      0xf80 C:\Users\jfont\Desktop\projects\stm32f407-disc1\projects\DSP-FCEFYN\Drivers\CMSIS\Lib\GCC\libarm_cortexM4lf_math.a(arm_common_tables.o)
                0x08011bc4                armBitRevIndexTable_fixed_2048
 .rodata.armBitRevIndexTable_fixed_256
                0x08012b44      0x1e0 C:\Users\jfont\Desktop\projects\stm32f407-disc1\projects\DSP-FCEFYN\Drivers\CMSIS\Lib\GCC\libarm_cortexM4lf_math.a(arm_common_tables.o)
                0x08012b44                armBitRevIndexTable_fixed_256
 .rodata.armBitRevIndexTable_fixed_32
                0x08012d24       0x30 C:\Users\jfont\Desktop\projects\stm32f407-disc1\projects\DSP-FCEFYN\Drivers\CMSIS\Lib\GCC\libarm_cortexM4lf_math.a(arm_common_tables.o)
                0x08012d24                armBitRevIndexTable_fixed_32
 .rodata.armBitRevIndexTable_fixed_4096
                0x08012d54     0x1f80 C:\Users\jfont\Desktop\projects\stm32f407-disc1\projects\DSP-FCEFYN\Drivers\CMSIS\Lib\GCC\libarm_cortexM4lf_math.a(arm_common_tables.o)
                0x08012d54                armBitRevIndexTable_fixed_4096
 .rodata.armBitRevIndexTable_fixed_512
                0x08014cd4      0x3c0 C:\Users\jfont\Desktop\projects\stm32f407-disc1\projects\DSP-FCEFYN\Drivers\CMSIS\Lib\GCC\libarm_cortexM4lf_math.a(arm_common_tables.o)
                0x08014cd4                armBitRevIndexTable_fixed_512
 .rodata.armBitRevIndexTable_fixed_64
                0x08015094       0x70 C:\Users\jfont\Desktop\projects\stm32f407-disc1\projects\DSP-FCEFYN\Drivers\CMSIS\Lib\GCC\libarm_cortexM4lf_math.a(arm_common_tables.o)
                0x08015094                armBitRevIndexTable_fixed_64
 .rodata.realCoefAQ15
                0x08015104     0x4000 C:\Users\jfont\Desktop\projects\stm32f407-disc1\projects\DSP-FCEFYN\Drivers\CMSIS\Lib\GCC\libarm_cortexM4lf_math.a(arm_common_tables.o)
                0x08015104                realCoefAQ15
 .rodata.realCoefBQ15
                0x08019104     0x4000 C:\Users\jfont\Desktop\projects\stm32f407-disc1\projects\DSP-FCEFYN\Drivers\CMSIS\Lib\GCC\libarm_cortexM4lf_math.a(arm_common_tables.o)
                0x08019104                realCoefBQ15
 .rodata.twiddleCoef_1024_q15
                0x0801d104      0xc00 C:\Users\jfont\Desktop\projects\stm32f407-disc1\projects\DSP-FCEFYN\Drivers\CMSIS\Lib\GCC\libarm_cortexM4lf_math.a(arm_common_tables.o)
                0x0801d104                twiddleCoef_1024_q15
 .rodata.twiddleCoef_128_q15
                0x0801dd04      0x180 C:\Users\jfont\Desktop\projects\stm32f407-disc1\projects\DSP-FCEFYN\Drivers\CMSIS\Lib\GCC\libarm_cortexM4lf_math.a(arm_common_tables.o)
                0x0801dd04                twiddleCoef_128_q15
 .rodata.twiddleCoef_16_q15
                0x0801de84       0x30 C:\Users\jfont\Desktop\projects\stm32f407-disc1\projects\DSP-FCEFYN\Drivers\CMSIS\Lib\GCC\libarm_cortexM4lf_math.a(arm_common_tables.o)
                0x0801de84                twiddleCoef_16_q15
 .rodata.twiddleCoef_2048_q15
                0x0801deb4     0x1800 C:\Users\jfont\Desktop\projects\stm32f407-disc1\projects\DSP-FCEFYN\Drivers\CMSIS\Lib\GCC\libarm_cortexM4lf_math.a(arm_common_tables.o)
                0x0801deb4                twiddleCoef_2048_q15
 .rodata.twiddleCoef_256_q15
                0x0801f6b4      0x300 C:\Users\jfont\Desktop\projects\stm32f407-disc1\projects\DSP-FCEFYN\Drivers\CMSIS\Lib\GCC\libarm_cortexM4lf_math.a(arm_common_tables.o)
                0x0801f6b4                twiddleCoef_256_q15
 .rodata.twiddleCoef_32_q15
                0x0801f9b4       0x60 C:\Users\jfont\Desktop\projects\stm32f407-disc1\projects\DSP-FCEFYN\Drivers\CMSIS\Lib\GCC\libarm_cortexM4lf_math.a(arm_common_tables.o)
                0x0801f9b4                twiddleCoef_32_q15
 .rodata.twiddleCoef_4096_q15
                0x0801fa14     0x3000 C:\Users\jfont\Desktop\projects\stm32f407-disc1\projects\DSP-FCEFYN\Drivers\CMSIS\Lib\GCC\libarm_cortexM4lf_math.a(arm_common_tables.o)
                0x0801fa14                twiddleCoef_4096_q15
 .rodata.twiddleCoef_512_q15
                0x08022a14      0x600 C:\Users\jfont\Desktop\projects\stm32f407-disc1\projects\DSP-FCEFYN\Drivers\CMSIS\Lib\GCC\libarm_cortexM4lf_math.a(arm_common_tables.o)
                0x08022a14                twiddleCoef_512_q15
 .rodata.twiddleCoef_64_q15
                0x08023014       0xc0 C:\Users\jfont\Desktop\projects\stm32f407-disc1\projects\DSP-FCEFYN\Drivers\CMSIS\Lib\GCC\libarm_cortexM4lf_math.a(arm_common_tables.o)
                0x08023014                twiddleCoef_64_q15
 .rodata._ctype_
                0x080230d4      0x101 C:/ST/STM32CubeIDE_1.17.0/STM32CubeIDE/plugins/com.st.stm32cube.ide.mcu.externaltools.gnu-tools-for-stm32.12.3.rel1.win32_1.1.0.202410251130/tools/bin/../lib/gcc/arm-none-eabi/12.3.1/../../../../arm-none-eabi/lib/thumb/v7e-m+fp/hard\libc_nano.a(libc_a-ctype_.o)
                0x080230d4                _ctype_
                0x080231d8                        . = ALIGN (0x4)
 *fill*         0x080231d5        0x3 

.ARM.extab      0x080231d8        0x0
                0x080231d8                        . = ALIGN (0x4)
 *(.ARM.extab* .gnu.linkonce.armextab.*)
                0x080231d8                        . = ALIGN (0x4)

.ARM            0x080231d8        0x8
                0x080231d8                        . = ALIGN (0x4)
                0x080231d8                        __exidx_start = .
 *(.ARM.exidx*)
 .ARM.exidx     0x080231d8        0x8 C:/ST/STM32CubeIDE_1.17.0/STM32CubeIDE/plugins/com.st.stm32cube.ide.mcu.externaltools.gnu-tools-for-stm32.12.3.rel1.win32_1.1.0.202410251130/tools/bin/../lib/gcc/arm-none-eabi/12.3.1/thumb/v7e-m+fp/hard\libgcc.a(_udivmoddi4.o)
                0x080231e0                        __exidx_end = .
                0x080231e0                        . = ALIGN (0x4)

.preinit_array  0x080231e0        0x0
                0x080231e0                        . = ALIGN (0x4)
                0x080231e0                        PROVIDE (__preinit_array_start = .)
 *(.preinit_array*)
                0x080231e0                        PROVIDE (__preinit_array_end = .)
                0x080231e0                        . = ALIGN (0x4)

.init_array     0x080231e0        0x4
                0x080231e0                        . = ALIGN (0x4)
                0x080231e0                        PROVIDE (__init_array_start = .)
 *(SORT_BY_NAME(.init_array.*))
 *(.init_array*)
 .init_array    0x080231e0        0x4 C:/ST/STM32CubeIDE_1.17.0/STM32CubeIDE/plugins/com.st.stm32cube.ide.mcu.externaltools.gnu-tools-for-stm32.12.3.rel1.win32_1.1.0.202410251130/tools/bin/../lib/gcc/arm-none-eabi/12.3.1/thumb/v7e-m+fp/hard/crtbegin.o
                0x080231e4                        PROVIDE (__init_array_end = .)
                0x080231e4                        . = ALIGN (0x4)

.fini_array     0x080231e4        0x4
                0x080231e4                        . = ALIGN (0x4)
                [!provide]                        PROVIDE (__fini_array_start = .)
 *(SORT_BY_NAME(.fini_array.*))
 *(.fini_array*)
 .fini_array    0x080231e4        0x4 C:/ST/STM32CubeIDE_1.17.0/STM32CubeIDE/plugins/com.st.stm32cube.ide.mcu.externaltools.gnu-tools-for-stm32.12.3.rel1.win32_1.1.0.202410251130/tools/bin/../lib/gcc/arm-none-eabi/12.3.1/thumb/v7e-m+fp/hard/crtbegin.o
                [!provide]                        PROVIDE (__fini_array_end = .)
                0x080231e8                        . = ALIGN (0x4)
                0x080231e8                        _sidata = LOADADDR (.data)

.rel.dyn        0x080231e8        0x0
 .rel.iplt      0x080231e8        0x0 C:/ST/STM32CubeIDE_1.17.0/STM32CubeIDE/plugins/com.st.stm32cube.ide.mcu.externaltools.gnu-tools-for-stm32.12.3.rel1.win32_1.1.0.202410251130/tools/bin/../lib/gcc/arm-none-eabi/12.3.1/thumb/v7e-m+fp/hard/crtbegin.o

.data           0x20000000     0x8948 load address 0x080231e8
                0x20000000                        . = ALIGN (0x4)
                0x20000000                        _sdata = .
 *(.data)
 *(.data*)
 .data.ecgBuffer
                0x20000000     0x2006 ./Core/Src/ecg.o
                0x20000000                ecgBuffer
 *fill*         0x20002006        0x2 
 .data.ecg      0x20002008      0x7d0 ./Core/Src/ecg.o
 .data.newFS    0x200027d8        0x4 ./Core/Src/main.o
                0x200027d8                newFS
 .data.tim2_ARR
                0x200027dc        0x4 ./Core/Src/main.o
                0x200027dc                tim2_ARR
 .data.SEND_flag
                0x200027e0        0x1 ./Core/Src/main.o
                0x200027e0                SEND_flag
 .data.fft_word
                0x200027e1        0x1 ./Core/Src/main.o
                0x200027e1                fft_word
 *fill*         0x200027e2        0x2 
 .data.adcBuffer
                0x200027e4     0x2006 ./Core/Src/main.o
                0x200027e4                adcBuffer
 *fill*         0x200047ea        0x2 
 .data.filteredBuffer
                0x200047ec     0x2006 ./Core/Src/main.o
                0x200047ec                filteredBuffer
 .data.fs       0x200067f2        0x1 ./Core/Src/main.o
                0x200067f2                fs
 *fill*         0x200067f3        0x1 
 .data.fftBuffer
                0x200067f4     0x2006 ./Core/Src/main.o
                0x200067f4                fftBuffer
 .data.effective_buffer_size
                0x200087fa        0x2 ./Core/Src/main.o
                0x200087fa                effective_buffer_size
 .data.SystemCoreClock
                0x200087fc        0x4 ./Core/Src/system_stm32f4xx.o
                0x200087fc                SystemCoreClock
 .data.uwTickPrio
                0x20008800        0x4 ./Drivers/STM32F4xx_HAL_Driver/Src/stm32f4xx_hal.o
                0x20008800                uwTickPrio
 .data.uwTickFreq
                0x20008804        0x1 ./Drivers/STM32F4xx_HAL_Driver/Src/stm32f4xx_hal.o
                0x20008804                uwTickFreq
 *fill*         0x20008805        0x3 
 .data.USBD_CDC_DeviceQualifierDesc
                0x20008808        0xa ./Middlewares/ST/STM32_USB_Device_Library/Class/CDC/Src/usbd_cdc.o
 *fill*         0x20008812        0x2 
 .data.USBD_CDC
                0x20008814       0x38 ./Middlewares/ST/STM32_USB_Device_Library/Class/CDC/Src/usbd_cdc.o
                0x20008814                USBD_CDC
 .data.USBD_CDC_CfgDesc
                0x2000884c       0x43 ./Middlewares/ST/STM32_USB_Device_Library/Class/CDC/Src/usbd_cdc.o
 .data.CDCInEpAdd
                0x2000888f        0x1 ./Middlewares/ST/STM32_USB_Device_Library/Class/CDC/Src/usbd_cdc.o
 .data.CDCOutEpAdd
                0x20008890        0x1 ./Middlewares/ST/STM32_USB_Device_Library/Class/CDC/Src/usbd_cdc.o
 .data.CDCCmdEpAdd
                0x20008891        0x1 ./Middlewares/ST/STM32_USB_Device_Library/Class/CDC/Src/usbd_cdc.o
 *fill*         0x20008892        0x2 
 .data.USBD_Interface_fops_FS
                0x20008894       0x14 ./USB_DEVICE/App/usbd_cdc_if.o
                0x20008894                USBD_Interface_fops_FS
 .data.FS_Desc  0x200088a8       0x1c ./USB_DEVICE/App/usbd_desc.o
                0x200088a8                FS_Desc
 .data.USBD_FS_DeviceDesc
                0x200088c4       0x12 ./USB_DEVICE/App/usbd_desc.o
                0x200088c4                USBD_FS_DeviceDesc
 *fill*         0x200088d6        0x2 
 .data.USBD_LangIDDesc
                0x200088d8        0x4 ./USB_DEVICE/App/usbd_desc.o
                0x200088d8                USBD_LangIDDesc
 .data.USBD_StringSerial
                0x200088dc       0x1a ./USB_DEVICE/App/usbd_desc.o
                0x200088dc                USBD_StringSerial
 *fill*         0x200088f6        0x2 
 .data._impure_ptr
                0x200088f8        0x4 C:/ST/STM32CubeIDE_1.17.0/STM32CubeIDE/plugins/com.st.stm32cube.ide.mcu.externaltools.gnu-tools-for-stm32.12.3.rel1.win32_1.1.0.202410251130/tools/bin/../lib/gcc/arm-none-eabi/12.3.1/../../../../arm-none-eabi/lib/thumb/v7e-m+fp/hard\libc_nano.a(libc_a-impure.o)
                0x200088f8                _impure_ptr
 .data._impure_data
                0x200088fc       0x4c C:/ST/STM32CubeIDE_1.17.0/STM32CubeIDE/plugins/com.st.stm32cube.ide.mcu.externaltools.gnu-tools-for-stm32.12.3.rel1.win32_1.1.0.202410251130/tools/bin/../lib/gcc/arm-none-eabi/12.3.1/../../../../arm-none-eabi/lib/thumb/v7e-m+fp/hard\libc_nano.a(libc_a-impure.o)
                0x200088fc                _impure_data
 *(.RamFunc)
 *(.RamFunc*)
                0x20008948                        . = ALIGN (0x4)
                0x20008948                        _edata = .
                0x0802bb30                        _siccmram = LOADADDR (.ccmram)

.igot.plt       0x20008948        0x0 load address 0x0802bb30
 .igot.plt      0x20008948        0x0 C:/ST/STM32CubeIDE_1.17.0/STM32CubeIDE/plugins/com.st.stm32cube.ide.mcu.externaltools.gnu-tools-for-stm32.12.3.rel1.win32_1.1.0.202410251130/tools/bin/../lib/gcc/arm-none-eabi/12.3.1/thumb/v7e-m+fp/hard/crtbegin.o

.ccmram         0x10000000        0x0 load address 0x0802bb30
                0x10000000                        . = ALIGN (0x4)
                0x10000000                        _sccmram = .
 *(.ccmram)
 *(.ccmram*)
                0x10000000                        . = ALIGN (0x4)
                0x10000000                        _eccmram = .
                0x10000000                        . = ALIGN (0x4)

.bss            0x20008948     0xcaf4
                0x20008948                        _sbss = .
                0x20008948                        __bss_start__ = _sbss
 *(.bss)
 .bss           0x20008948       0x1c C:/ST/STM32CubeIDE_1.17.0/STM32CubeIDE/plugins/com.st.stm32cube.ide.mcu.externaltools.gnu-tools-for-stm32.12.3.rel1.win32_1.1.0.202410251130/tools/bin/../lib/gcc/arm-none-eabi/12.3.1/thumb/v7e-m+fp/hard/crtbegin.o
 *(.bss*)
 .bss.hadc1     0x20008964       0x48 ./Core/Src/adc.o
                0x20008964                hadc1
 .bss.ecg_uint8_t
                0x200089ac      0x3e8 ./Core/Src/ecg.o
                0x200089ac                ecg_uint8_t
 .bss.pState_lowpass_96k.27
                0x20008d94       0xc8 ./Core/Src/filters.o
 .bss.pState_lowpass_48k.26
                0x20008e5c      0x12c ./Core/Src/filters.o
 .bss.pState_lowpass_44k.25
                0x20008f88      0x190 ./Core/Src/filters.o
 .bss.pState_lowpass_22k.24
                0x20009118      0x280 ./Core/Src/filters.o
 .bss.pState_lowpass_16k.23
                0x20009398      0x320 ./Core/Src/filters.o
 .bss.pState_lowpass_8k.22
                0x200096b8      0x640 ./Core/Src/filters.o
 .bss.pState_lowpass_1k.21
                0x20009cf8      0xbb8 ./Core/Src/filters.o
 .bss.pState_highpass_96k.20
                0x2000a8b0       0xc8 ./Core/Src/filters.o
 .bss.pState_highpass_48k.19
                0x2000a978      0x12e ./Core/Src/filters.o
 *fill*         0x2000aaa6        0x2 
 .bss.pState_highpass_44k.18
                0x2000aaa8      0x192 ./Core/Src/filters.o
 *fill*         0x2000ac3a        0x2 
 .bss.pState_highpass_22k.17
                0x2000ac3c      0x282 ./Core/Src/filters.o
 *fill*         0x2000aebe        0x2 
 .bss.pState_highpass_16k.16
                0x2000aec0      0x320 ./Core/Src/filters.o
 .bss.pState_highpass_8k.15
                0x2000b1e0      0x640 ./Core/Src/filters.o
 .bss.pState_highpass_1k.14
                0x2000b820      0xbb8 ./Core/Src/filters.o
 .bss.pState_bandpass_96k.13
                0x2000c3d8       0xc8 ./Core/Src/filters.o
 .bss.pState_bandpass_48k.12
                0x2000c4a0      0x12c ./Core/Src/filters.o
 .bss.pState_bandpass_44k.11
                0x2000c5cc      0x190 ./Core/Src/filters.o
 .bss.pState_bandpass_22k.10
                0x2000c75c      0x280 ./Core/Src/filters.o
 .bss.pState_bandpass_16k.9
                0x2000c9dc      0x320 ./Core/Src/filters.o
 .bss.pState_bandpass_8k.8
                0x2000ccfc      0x640 ./Core/Src/filters.o
 .bss.pState_bandpass_1k.7
                0x2000d33c      0x640 ./Core/Src/filters.o
 .bss.pState_notch_96k.6
                0x2000d97c       0xcc ./Core/Src/filters.o
 .bss.pState_notch_48k.5
                0x2000da48      0x130 ./Core/Src/filters.o
 .bss.pState_notch_44k.4
                0x2000db78      0x194 ./Core/Src/filters.o
 .bss.pState_notch_22k.3
                0x2000dd0c      0x284 ./Core/Src/filters.o
 .bss.pState_notch_16k.2
                0x2000df90      0x324 ./Core/Src/filters.o
 .bss.pState_notch_8k.1
                0x2000e2b4      0x644 ./Core/Src/filters.o
 .bss.pState_notch_1k.0
                0x2000e8f8      0xbbc ./Core/Src/filters.o
 .bss.FIR_flag  0x2000f4b4        0x1 ./Core/Src/main.o
                0x2000f4b4                FIR_flag
 .bss.ECG_flag  0x2000f4b5        0x1 ./Core/Src/main.o
                0x2000f4b5                ECG_flag
 .bss.FFT_flag  0x2000f4b6        0x1 ./Core/Src/main.o
                0x2000f4b6                FFT_flag
 .bss.fft_send_flag
                0x2000f4b7        0x1 ./Core/Src/main.o
                0x2000f4b7                fft_send_flag
 .bss.adcIndex  0x2000f4b8        0x2 ./Core/Src/main.o
                0x2000f4b8                adcIndex
 *fill*         0x2000f4ba        0x2 
 .bss.filterInput
                0x2000f4bc     0x2000 ./Core/Src/main.o
                0x2000f4bc                filterInput
 .bss.filterOutput
                0x200114bc     0x2000 ./Core/Src/main.o
                0x200114bc                filterOutput
 .bss.fir_instance_ECG
                0x200134bc        0xc ./Core/Src/main.o
                0x200134bc                fir_instance_ECG
 .bss.fir_instance
                0x200134c8      0x150 ./Core/Src/main.o
                0x200134c8                fir_instance
 .bss.filtro    0x20013618        0x1 ./Core/Src/main.o
                0x20013618                filtro
 *fill*         0x20013619        0x3 
 .bss.fftInstance
                0x2001361c       0x18 ./Core/Src/main.o
                0x2001361c                fftInstance
 .bss.ecg_index
                0x20013634        0x2 ./Core/Src/main.o
                0x20013634                ecg_index
 *fill*         0x20013636        0x2 
 .bss.htim2     0x20013638       0x48 ./Core/Src/tim.o
                0x20013638                htim2
 .bss.htim5     0x20013680       0x48 ./Core/Src/tim.o
                0x20013680                htim5
 .bss.htim6     0x200136c8       0x48 ./Core/Src/tim.o
                0x200136c8                htim6
 .bss.uwTick    0x20013710        0x4 ./Drivers/STM32F4xx_HAL_Driver/Src/stm32f4xx_hal.o
                0x20013710                uwTick
 .bss.cfgidx.0  0x20013714        0x1 ./Middlewares/ST/STM32_USB_Device_Library/Core/Src/usbd_ctlreq.o
 *fill*         0x20013715        0x3 
 .bss.hUsbDeviceFS
                0x20013718      0x2dc ./USB_DEVICE/App/usb_device.o
                0x20013718                hUsbDeviceFS
 .bss.usbCmdBuffer
                0x200139f4        0xa ./USB_DEVICE/App/usbd_cdc_if.o
                0x200139f4                usbCmdBuffer
 .bss.newCommandFlag
                0x200139fe        0x1 ./USB_DEVICE/App/usbd_cdc_if.o
                0x200139fe                newCommandFlag
 *fill*         0x200139ff        0x1 
 .bss.UserRxBufferFS
                0x20013a00      0x800 ./USB_DEVICE/App/usbd_cdc_if.o
                0x20013a00                UserRxBufferFS
 .bss.UserTxBufferFS
                0x20014200      0x800 ./USB_DEVICE/App/usbd_cdc_if.o
                0x20014200                UserTxBufferFS
 .bss.USBD_StrDesc
                0x20014a00      0x200 ./USB_DEVICE/App/usbd_desc.o
                0x20014a00                USBD_StrDesc
 .bss.hpcd_USB_OTG_FS
                0x20014c00      0x4e4 ./USB_DEVICE/Target/usbd_conf.o
                0x20014c00                hpcd_USB_OTG_FS
 .bss.mem.0     0x200150e4      0x220 ./USB_DEVICE/Target/usbd_conf.o
 .bss.__sf      0x20015304      0x138 C:/ST/STM32CubeIDE_1.17.0/STM32CubeIDE/plugins/com.st.stm32cube.ide.mcu.externaltools.gnu-tools-for-stm32.12.3.rel1.win32_1.1.0.202410251130/tools/bin/../lib/gcc/arm-none-eabi/12.3.1/../../../../arm-none-eabi/lib/thumb/v7e-m+fp/hard\libc_nano.a(libc_a-findfp.o)
                0x20015304                __sf
 *(COMMON)
                0x2001543c                        . = ALIGN (0x4)
                0x2001543c                        _ebss = .
                0x2001543c                        __bss_end__ = _ebss

._user_heap_stack
                0x2001543c      0x604
                0x20015440                        . = ALIGN (0x8)
 *fill*         0x2001543c        0x4 
                [!provide]                        PROVIDE (end = .)
                0x20015440                        PROVIDE (_end = .)
                0x20015640                        . = (. + _Min_Heap_Size)
 *fill*         0x20015440      0x200 
                0x20015a40                        . = (. + _Min_Stack_Size)
 *fill*         0x20015640      0x400 
                0x20015a40                        . = ALIGN (0x8)

/DISCARD/
 libc.a(*)
 libm.a(*)
 libgcc.a(*)

.ARM.attributes
                0x00000000       0x30
 *(.ARM.attributes)
 .ARM.attributes
                0x00000000       0x22 C:/ST/STM32CubeIDE_1.17.0/STM32CubeIDE/plugins/com.st.stm32cube.ide.mcu.externaltools.gnu-tools-for-stm32.12.3.rel1.win32_1.1.0.202410251130/tools/bin/../lib/gcc/arm-none-eabi/12.3.1/thumb/v7e-m+fp/hard/crti.o
 .ARM.attributes
                0x00000022       0x34 C:/ST/STM32CubeIDE_1.17.0/STM32CubeIDE/plugins/com.st.stm32cube.ide.mcu.externaltools.gnu-tools-for-stm32.12.3.rel1.win32_1.1.0.202410251130/tools/bin/../lib/gcc/arm-none-eabi/12.3.1/thumb/v7e-m+fp/hard/crtbegin.o
 .ARM.attributes
                0x00000056       0x34 ./Core/Src/adc.o
 .ARM.attributes
                0x0000008a       0x34 ./Core/Src/buffer_and_usb.o
 .ARM.attributes
                0x000000be       0x34 ./Core/Src/ecg.o
 .ARM.attributes
                0x000000f2       0x34 ./Core/Src/filters.o
 .ARM.attributes
                0x00000126       0x34 ./Core/Src/gpio.o
 .ARM.attributes
                0x0000015a       0x34 ./Core/Src/main.o
 .ARM.attributes
                0x0000018e       0x34 ./Core/Src/stm32f4xx_hal_msp.o
 .ARM.attributes
                0x000001c2       0x34 ./Core/Src/stm32f4xx_it.o
 .ARM.attributes
                0x000001f6       0x34 ./Core/Src/system_stm32f4xx.o
 .ARM.attributes
                0x0000022a       0x34 ./Core/Src/tim.o
 .ARM.attributes
                0x0000025e       0x21 ./Core/Startup/startup_stm32f407vgtx.o
 .ARM.attributes
                0x0000027f       0x34 ./Drivers/STM32F4xx_HAL_Driver/Src/stm32f4xx_hal.o
 .ARM.attributes
                0x000002b3       0x34 ./Drivers/STM32F4xx_HAL_Driver/Src/stm32f4xx_hal_adc.o
 .ARM.attributes
                0x000002e7       0x34 ./Drivers/STM32F4xx_HAL_Driver/Src/stm32f4xx_hal_adc_ex.o
 .ARM.attributes
                0x0000031b       0x34 ./Drivers/STM32F4xx_HAL_Driver/Src/stm32f4xx_hal_cortex.o
 .ARM.attributes
                0x0000034f       0x34 ./Drivers/STM32F4xx_HAL_Driver/Src/stm32f4xx_hal_gpio.o
 .ARM.attributes
                0x00000383       0x34 ./Drivers/STM32F4xx_HAL_Driver/Src/stm32f4xx_hal_pcd.o
 .ARM.attributes
                0x000003b7       0x34 ./Drivers/STM32F4xx_HAL_Driver/Src/stm32f4xx_hal_pcd_ex.o
 .ARM.attributes
                0x000003eb       0x34 ./Drivers/STM32F4xx_HAL_Driver/Src/stm32f4xx_hal_rcc.o
 .ARM.attributes
                0x0000041f       0x34 ./Drivers/STM32F4xx_HAL_Driver/Src/stm32f4xx_hal_tim.o
 .ARM.attributes
                0x00000453       0x34 ./Drivers/STM32F4xx_HAL_Driver/Src/stm32f4xx_hal_tim_ex.o
 .ARM.attributes
                0x00000487       0x34 ./Drivers/STM32F4xx_HAL_Driver/Src/stm32f4xx_ll_usb.o
 .ARM.attributes
                0x000004bb       0x34 ./Middlewares/ST/STM32_USB_Device_Library/Class/CDC/Src/usbd_cdc.o
 .ARM.attributes
                0x000004ef       0x34 ./Middlewares/ST/STM32_USB_Device_Library/Core/Src/usbd_core.o
 .ARM.attributes
                0x00000523       0x34 ./Middlewares/ST/STM32_USB_Device_Library/Core/Src/usbd_ctlreq.o
 .ARM.attributes
                0x00000557       0x34 ./Middlewares/ST/STM32_USB_Device_Library/Core/Src/usbd_ioreq.o
 .ARM.attributes
                0x0000058b       0x34 ./USB_DEVICE/App/usb_device.o
 .ARM.attributes
                0x000005bf       0x34 ./USB_DEVICE/App/usbd_cdc_if.o
 .ARM.attributes
                0x000005f3       0x34 ./USB_DEVICE/App/usbd_desc.o
 .ARM.attributes
                0x00000627       0x34 ./USB_DEVICE/Target/usbd_conf.o
 .ARM.attributes
                0x0000065b       0x34 C:\Users\jfont\Desktop\projects\stm32f407-disc1\projects\DSP-FCEFYN\Drivers\CMSIS\Lib\GCC\libarm_cortexM4lf_math.a(arm_mean_q15.o)
 .ARM.attributes
                0x0000068f       0x34 C:\Users\jfont\Desktop\projects\stm32f407-disc1\projects\DSP-FCEFYN\Drivers\CMSIS\Lib\GCC\libarm_cortexM4lf_math.a(arm_max_q15.o)
 .ARM.attributes
                0x000006c3       0x34 C:\Users\jfont\Desktop\projects\stm32f407-disc1\projects\DSP-FCEFYN\Drivers\CMSIS\Lib\GCC\libarm_cortexM4lf_math.a(arm_rfft_q15.o)
 .ARM.attributes
                0x000006f7       0x34 C:\Users\jfont\Desktop\projects\stm32f407-disc1\projects\DSP-FCEFYN\Drivers\CMSIS\Lib\GCC\libarm_cortexM4lf_math.a(arm_rfft_init_q15.o)
 .ARM.attributes
                0x0000072b       0x34 C:\Users\jfont\Desktop\projects\stm32f407-disc1\projects\DSP-FCEFYN\Drivers\CMSIS\Lib\GCC\libarm_cortexM4lf_math.a(arm_fir_q15.o)
 .ARM.attributes
                0x0000075f       0x34 C:\Users\jfont\Desktop\projects\stm32f407-disc1\projects\DSP-FCEFYN\Drivers\CMSIS\Lib\GCC\libarm_cortexM4lf_math.a(arm_fir_init_q15.o)
 .ARM.attributes
                0x00000793       0x34 C:\Users\jfont\Desktop\projects\stm32f407-disc1\projects\DSP-FCEFYN\Drivers\CMSIS\Lib\GCC\libarm_cortexM4lf_math.a(arm_abs_q15.o)
 .ARM.attributes
                0x000007c7       0x39 C:\Users\jfont\Desktop\projects\stm32f407-disc1\projects\DSP-FCEFYN\Drivers\CMSIS\Lib\GCC\libarm_cortexM4lf_math.a(arm_const_structs.o)
 .ARM.attributes
                0x00000800       0x39 C:\Users\jfont\Desktop\projects\stm32f407-disc1\projects\DSP-FCEFYN\Drivers\CMSIS\Lib\GCC\libarm_cortexM4lf_math.a(arm_common_tables.o)
 .ARM.attributes